MPLINK 4.44, Linker
Linker Map File - Created Sun Feb 17 20:43:28 2013

                                 Section Info
                  Section       Type    Address   Location Size(Bytes)
                ---------  ---------  ---------  ---------  ---------
               _entry_scn       code   0x000000    program   0x000006
           .code___init.o       code   0x000006    program   0x000002
              high_vector       code   0x000008    program   0x000006
                   .cinit    romdata   0x00000e    program   0x000026
            .code_usart.o       code   0x000034    program   0x000e7a
         .code_vfprintf.o       code   0x000eae    program   0x000c22
          .code_Buttons.o       code   0x001ad0    program   0x000ad4
       .code_E2PHandler.o       code   0x0025a4    program   0x000830
       .code_I2CHandler.o       code   0x002dd4    program   0x00079e
       .code_LcdHandler.o       code   0x003572    program   0x0006c2
     .code_Measurements.o       code   0x003c34    program   0x000670
       .code_RTCHandler.o       code   0x0042a4    program   0x0005d4
              .code_ADC.o       code   0x004878    program   0x000392
     .code_flex_lcd_c18.o       code   0x004c0a    program   0x000276
             .stringtable    romdata   0x004e80    program   0x0001a4
   .code_interrupciones.o       code   0x005024    program   0x000130
      .code_TaskHandler.o       code   0x005154    program   0x00010a
                     PROG       code   0x00525e    program   0x0000a6
               _cinit_scn       code   0x005304    program   0x00009e
           .code_printf.o       code   0x0053a2    program   0x000098
            .code_uopen.o       code   0x00543a    program   0x00008a
             .code_putc.o       code   0x0054c4    program   0x000084
          .code_fxm3232.o       code   0x005548    program   0x000070
                   STRING       code   0x0055b8    program   0x000066
             .code_main.o       code   0x00561e    program   0x000058
         .code_fxd3232u.o       code   0x005676    program   0x000048
            .code_Ports.o       code   0x0056be    program   0x00003a
         .code_fxd1616u.o       code   0x0056f8    program   0x00002c
                    CTYPE       code   0x005724    program   0x000024
              D1KTCYXCODE       code   0x005748    program   0x000020
                    .code       code   0x005768    program   0x000020
        .code_Timer0cfg.o       code   0x005788    program   0x00001e
             _startup_scn       code   0x0057a6    program   0x00001c
                    STDIO       code   0x0057c2    program   0x00001c
             D100TCYXCODE       code   0x0057de    program   0x00001c
       .code__user_putc.o       code   0x0057fa    program   0x00001c
      .romdata_vfprintf.o    romdata   0x005816    program   0x000011
    .romdata_RTCHandler.o    romdata   0x005827    program   0x000000
    .idata_RTCHandler.o_i    romdata   0x005827    program   0x000000
      .idata_fxd1616u.o_i    romdata   0x005827    program   0x000000
      .romdata_fxd1616u.o    romdata   0x005827    program   0x000000
    .romdata_I2CHandler.o    romdata   0x005827    program   0x000000
    .idata_I2CHandler.o_i    romdata   0x005827    program   0x000000
      .idata_fxd3232u.o_i    romdata   0x005827    program   0x000000
      .romdata_fxd3232u.o    romdata   0x005827    program   0x000000
       .idata_fxm3232.o_i    romdata   0x005827    program   0x000000
       .romdata_fxm3232.o    romdata   0x005827    program   0x000000
         .idata_uopen.o_i    romdata   0x005827    program   0x000000
         .romdata_uopen.o    romdata   0x005827    program   0x000000
        .idata___init.o_i    romdata   0x005827    program   0x000000
        .romdata___init.o    romdata   0x005827    program   0x000000
        .idata_printf.o_i    romdata   0x005827    program   0x000000
        .romdata_printf.o    romdata   0x005827    program   0x000000
        .romdata_stdout.o    romdata   0x005827    program   0x000000
      .idata_vfprintf.o_i    romdata   0x005827    program   0x000000
         .romdata_c018i.o    romdata   0x005827    program   0x000000
          .idata_putc.o_i    romdata   0x005827    program   0x000000
          .romdata_putc.o    romdata   0x005827    program   0x000000
         .idata_c018i.o_i    romdata   0x005827    program   0x000000
         .romdata_usart.o    romdata   0x005827    program   0x000000
    .romdata__user_putc.o    romdata   0x005827    program   0x000000
    .idata__user_putc.o_i    romdata   0x005827    program   0x000000
  .idata_flex_lcd_c18.o_i    romdata   0x005827    program   0x000000
   .romdata_TaskHandler.o    romdata   0x005827    program   0x000000
   .idata_TaskHandler.o_i    romdata   0x005827    program   0x000000
          .romdata_main.o    romdata   0x005827    program   0x000000
          .idata_main.o_i    romdata   0x005827    program   0x000000
           .romdata_ADC.o    romdata   0x005827    program   0x000000
.romdata_interrupciones.o    romdata   0x005827    program   0x000000
.idata_interrupciones.o_i    romdata   0x005827    program   0x000000
           .romdata_CPU.o    romdata   0x005827    program   0x000000
           .idata_CPU.o_i    romdata   0x005827    program   0x000000
     .romdata_Timer0cfg.o    romdata   0x005827    program   0x000000
     .idata_Timer0cfg.o_i    romdata   0x005827    program   0x000000
         .romdata_Ports.o    romdata   0x005827    program   0x000000
         .idata_Ports.o_i    romdata   0x005827    program   0x000000
      .romdata_busy_eep.o    romdata   0x005827    program   0x000000
      .idata_busy_eep.o_i    romdata   0x005827    program   0x000000
    .romdata_E2PHandler.o    romdata   0x005827    program   0x000000
        .idata_read_B.o_i    romdata   0x005827    program   0x000000
        .romdata_read_B.o    romdata   0x005827    program   0x000000
  .romdata_Measurements.o    romdata   0x005827    program   0x000000
       .idata_write_B.o_i    romdata   0x005827    program   0x000000
  .idata_Measurements.o_i    romdata   0x005827    program   0x000000
    .romdata_LcdHandler.o    romdata   0x005827    program   0x000000
       .romdata_write_B.o    romdata   0x005827    program   0x000000
    .idata_LcdHandler.o_i    romdata   0x005827    program   0x000000
       .romdata_Buttons.o    romdata   0x005827    program   0x000000
       .idata_Buttons.o_i    romdata   0x005827    program   0x000000
           .idata_ADC.o_i    romdata   0x005827    program   0x000000
           .code_read_B.o       code   0x005828    program   0x000000
          .code_write_B.o       code   0x005828    program   0x000000
              .code_CPU.o       code   0x005828    program   0x000010
         .code_busy_eep.o       code   0x005828    program   0x000000
           .code_stdout.o       code   0x005828    program   0x000000
            .code_c018i.o       code   0x005828    program   0x000000
  .romdata_flex_lcd_c18.o    romdata   0x005838    program   0x000004
         .idata_usart.o_i    romdata   0x00583c    program   0x000005
        .idata_stdout.o_i    romdata   0x005841    program   0x000002
    .idata_E2PHandler.o_i    romdata   0x005843    program   0x000002
                   CONFIG    romdata   0x300000    program   0x00000e
                 .tmpdata      udata   0x000000       data   0x00001e
                MATH_DATA      udata   0x00001e       data   0x000014
    High_Priority_Int_tmp      udata   0x000032       data   0x000002
                DELAYDAT1      udata   0x000034       data   0x000001
           .udata_usart.o      udata   0x000060       data   0x00003c
         .udata_Buttons.o      udata   0x00009c       data   0x000007
      .udata_LcdHandler.o      udata   0x0000a3       data   0x000003
    .udata_flex_lcd_c18.o      udata   0x0000a6       data   0x000002
          .idata_stdout.o      idata   0x0000a8       data   0x000002
      .idata_E2PHandler.o      idata   0x0000aa       data   0x000002
            .udata_main.o      udata   0x0000ac       data   0x000001
  .udata_interrupciones.o      udata   0x0000ad       data   0x000001
         .udata_write_B.o      udata   0x0000ae       data   0x000000
         .idata_write_B.o      idata   0x0000ae       data   0x000000
      .udata_I2CHandler.o      udata   0x0000ae       data   0x000000
      .idata_I2CHandler.o      idata   0x0000ae       data   0x000000
      .udata_RTCHandler.o      udata   0x0000ae       data   0x000000
      .idata_RTCHandler.o      idata   0x0000ae       data   0x000000
           .idata_c018i.o      idata   0x0000ae       data   0x000000
        .udata_fxd1616u.o      udata   0x0000ae       data   0x000000
        .idata_fxd1616u.o      idata   0x0000ae       data   0x000000
        .udata_fxd3232u.o      udata   0x0000ae       data   0x000000
        .idata_fxd3232u.o      idata   0x0000ae       data   0x000000
         .udata_fxm3232.o      udata   0x0000ae       data   0x000000
         .idata_fxm3232.o      idata   0x0000ae       data   0x000000
           .udata_uopen.o      udata   0x0000ae       data   0x000000
           .idata_uopen.o      idata   0x0000ae       data   0x000000
          .udata___init.o      udata   0x0000ae       data   0x000000
          .idata___init.o      idata   0x0000ae       data   0x000000
          .udata_printf.o      udata   0x0000ae       data   0x000000
          .idata_printf.o      idata   0x0000ae       data   0x000000
          .udata_stdout.o      udata   0x0000ae       data   0x000000
        .udata_vfprintf.o      udata   0x0000ae       data   0x000000
        .idata_vfprintf.o      idata   0x0000ae       data   0x000000
            .udata_putc.o      udata   0x0000ae       data   0x000000
            .idata_putc.o      idata   0x0000ae       data   0x000000
             .udata_CPU.o      udata   0x0000ae       data   0x000000
             .idata_CPU.o      idata   0x0000ae       data   0x000000
  .idata_interrupciones.o      idata   0x0000ae       data   0x000000
       .idata_Timer0cfg.o      idata   0x0000ae       data   0x000000
            .idata_main.o      idata   0x0000ae       data   0x000000
     .idata_TaskHandler.o      idata   0x0000ae       data   0x000000
       .udata_Timer0cfg.o      udata   0x0000ae       data   0x000000
    .idata_flex_lcd_c18.o      idata   0x0000ae       data   0x000000
      .udata__user_putc.o      udata   0x0000ae       data   0x000000
      .idata__user_putc.o      idata   0x0000ae       data   0x000000
           .idata_Ports.o      idata   0x0000ae       data   0x000000
           .udata_Ports.o      udata   0x0000ae       data   0x000000
         .idata_Buttons.o      idata   0x0000ae       data   0x000000
             .idata_ADC.o      idata   0x0000ae       data   0x000000
      .idata_LcdHandler.o      idata   0x0000ae       data   0x000000
    .idata_Measurements.o      idata   0x0000ae       data   0x000000
             .udata_ADC.o      udata   0x0000ae       data   0x000000
        .udata_busy_eep.o      udata   0x0000ae       data   0x000000
        .idata_busy_eep.o      idata   0x0000ae       data   0x000000
          .udata_read_B.o      udata   0x0000ae       data   0x000000
          .idata_read_B.o      idata   0x0000ae       data   0x000000
    .udata_Measurements.o      udata   0x000100       data   0x0000ce
     .udata_TaskHandler.o      udata   0x0001ce       data   0x000016
      .udata_E2PHandler.o      udata   0x0001e4       data   0x00000d
           .udata_c018i.o      udata   0x0001f1       data   0x00000a
           .idata_usart.o      idata   0x0001fb       data   0x000005
                   .stack      udata   0x000300       data   0x000100
            SFR_UNBANKED0      udata   0x000f62       data   0x00009e



                              Program Memory Usage 
                               Start         End      
                           ---------   ---------      
                            0x000000    0x005826      
                            0x005828    0x005844      
                            0x300000    0x30000d      
            22610 out of 33048 program addresses used, program memory utilization is 68%



                              Symbols - Sorted by Name
                     Name    Address   Location    Storage File                     
                ---------  ---------  ---------  --------- ---------                
                 ACK_Poll   0x002f4e    program     extern C:\Users\Alejandro\Documents\Archivos\documentos\IngBim\Tesis\Sistema\glucommeter-embedded\Drivers\I2CHandler.c
     ADC_ConversionClocks   0x004ac0    program     extern C:\Users\Alejandro\Documents\Archivos\documentos\IngBim\Tesis\Sistema\glucommeter-embedded\Drivers\ADC.c
            ADC_Justified   0x004954    program     extern C:\Users\Alejandro\Documents\Archivos\documentos\IngBim\Tesis\Sistema\glucommeter-embedded\Drivers\ADC.c
              ADC_PowerOn   0x004878    program     extern C:\Users\Alejandro\Documents\Archivos\documentos\IngBim\Tesis\Sistema\glucommeter-embedded\Drivers\ADC.c
       ADC_Select_Channel   0x004880    program     extern C:\Users\Alejandro\Documents\Archivos\documentos\IngBim\Tesis\Sistema\glucommeter-embedded\Drivers\ADC.c
ADC_Select_Reference_Negative   0x00491c    program     extern C:\Users\Alejandro\Documents\Archivos\documentos\IngBim\Tesis\Sistema\glucommeter-embedded\Drivers\ADC.c
ADC_Select_Reference_Positive   0x0048d0    program     extern C:\Users\Alejandro\Documents\Archivos\documentos\IngBim\Tesis\Sistema\glucommeter-embedded\Drivers\ADC.c
   ADC_SetAcquisitionTime   0x00498c    program     extern C:\Users\Alejandro\Documents\Archivos\documentos\IngBim\Tesis\Sistema\glucommeter-embedded\Drivers\ADC.c
      ADC_StartConvertion   0x00487c    program     extern C:\Users\Alejandro\Documents\Archivos\documentos\IngBim\Tesis\Sistema\glucommeter-embedded\Drivers\ADC.c
             Btn_Debounce   0x001ade    program     extern C:\Users\Alejandro\Documents\Archivos\documentos\IngBim\Tesis\Sistema\glucommeter-embedded\Application\Buttons.c
                 CONFIG1H   0x300001    program     extern C:\Users\Alejandro\Documents\Archivos\documentos\IngBim\Tesis\Sistema\glucommeter-embedded\Scheduler\main.c
                 CONFIG1L   0x300000    program     extern C:\Users\Alejandro\Documents\Archivos\documentos\IngBim\Tesis\Sistema\glucommeter-embedded\Scheduler\main.c
                 CONFIG2H   0x300003    program     extern C:\Users\Alejandro\Documents\Archivos\documentos\IngBim\Tesis\Sistema\glucommeter-embedded\Scheduler\main.c
                 CONFIG2L   0x300002    program     extern C:\Users\Alejandro\Documents\Archivos\documentos\IngBim\Tesis\Sistema\glucommeter-embedded\Scheduler\main.c
                 CONFIG3H   0x300005    program     extern C:\Users\Alejandro\Documents\Archivos\documentos\IngBim\Tesis\Sistema\glucommeter-embedded\Scheduler\main.c
                 CONFIG3L   0x300004    program     extern C:\Users\Alejandro\Documents\Archivos\documentos\IngBim\Tesis\Sistema\glucommeter-embedded\Scheduler\main.c
                 CONFIG4H   0x300007    program     extern C:\Users\Alejandro\Documents\Archivos\documentos\IngBim\Tesis\Sistema\glucommeter-embedded\Scheduler\main.c
                 CONFIG4L   0x300006    program     extern C:\Users\Alejandro\Documents\Archivos\documentos\IngBim\Tesis\Sistema\glucommeter-embedded\Scheduler\main.c
                 CONFIG5H   0x300009    program     extern C:\Users\Alejandro\Documents\Archivos\documentos\IngBim\Tesis\Sistema\glucommeter-embedded\Scheduler\main.c
                 CONFIG5L   0x300008    program     extern C:\Users\Alejandro\Documents\Archivos\documentos\IngBim\Tesis\Sistema\glucommeter-embedded\Scheduler\main.c
                 CONFIG6H   0x30000b    program     extern C:\Users\Alejandro\Documents\Archivos\documentos\IngBim\Tesis\Sistema\glucommeter-embedded\Scheduler\main.c
                 CONFIG6L   0x30000a    program     extern C:\Users\Alejandro\Documents\Archivos\documentos\IngBim\Tesis\Sistema\glucommeter-embedded\Scheduler\main.c
                 CONFIG7H   0x30000d    program     extern C:\Users\Alejandro\Documents\Archivos\documentos\IngBim\Tesis\Sistema\glucommeter-embedded\Scheduler\main.c
                 CONFIG7L   0x30000c    program     extern C:\Users\Alejandro\Documents\Archivos\documentos\IngBim\Tesis\Sistema\glucommeter-embedded\Scheduler\main.c
        CalculateAverages   0x003d98    program     extern C:\Users\Alejandro\Documents\Archivos\documentos\IngBim\Tesis\Sistema\glucommeter-embedded\Application\Measurements.c
          CheckDownButton   0x001f74    program     extern C:\Users\Alejandro\Documents\Archivos\documentos\IngBim\Tesis\Sistema\glucommeter-embedded\Application\Buttons.c
         CheckEnterButton   0x0022f6    program     extern C:\Users\Alejandro\Documents\Archivos\documentos\IngBim\Tesis\Sistema\glucommeter-embedded\Application\Buttons.c
            CheckUpButton   0x001bec    program     extern C:\Users\Alejandro\Documents\Archivos\documentos\IngBim\Tesis\Sistema\glucommeter-embedded\Application\Buttons.c
           ConvertToVolts   0x003f26    program     extern C:\Users\Alejandro\Documents\Archivos\documentos\IngBim\Tesis\Sistema\glucommeter-embedded\Application\Measurements.c
                   D100_1   0x0057ec    program     static D:\3.43\pic18-lt\cxx-framework\src\traditional\delays\d100tcyx.asm
                    D100x   0x0057ea    program     static D:\3.43\pic18-lt\cxx-framework\src\traditional\delays\d100tcyx.asm
                   D1616S   0x005280    program     static D:\3.43\pic18-lt\cxx-framework\src\traditional\math\fxd1616s.asm
                D1616SNEG   0x00528e    program     static D:\3.43\pic18-lt\cxx-framework\src\traditional\math\fxd1616s.asm
                 D1616SOK   0x00528a    program     static D:\3.43\pic18-lt\cxx-framework\src\traditional\math\fxd1616s.asm
                  D1616SX   0x0052a0    program     static D:\3.43\pic18-lt\cxx-framework\src\traditional\math\fxd1616s.asm
                    D1K_1   0x005754    program     static D:\3.43\pic18-lt\cxx-framework\src\traditional\delays\d1ktcyx.asm
                     D1Kx   0x005752    program     static D:\3.43\pic18-lt\cxx-framework\src\traditional\delays\d1ktcyx.asm
                  DA1616S   0x005270    program     static D:\3.43\pic18-lt\cxx-framework\src\traditional\math\fxd1616s.asm
            DataReception   0x0000d6    program     extern C:\Users\Alejandro\Documents\Archivos\documentos\IngBim\Tesis\Sistema\glucommeter-embedded\Drivers\usart.c
             Delay100TCYx   0x0057de    program     extern D:\3.43\pic18-lt\cxx-framework\src\traditional\delays\d100tcyx.asm
              Delay1KTCYx   0x005748    program     extern D:\3.43\pic18-lt\cxx-framework\src\traditional\delays\d1ktcyx.asm
       Disable_Interrupts   0x00508a    program     extern C:\Users\Alejandro\Documents\Archivos\documentos\IngBim\Tesis\Sistema\glucommeter-embedded\Scheduler\interrupciones.c
        Enable_Interrupts   0x005086    program     extern C:\Users\Alejandro\Documents\Archivos\documentos\IngBim\Tesis\Sistema\glucommeter-embedded\Scheduler\interrupciones.c
                 FXD1616S   0x00525e    program     extern D:\3.43\pic18-lt\cxx-framework\src\traditional\math\fxd1616s.asm
                 FXD1616U   0x0056f8    program     extern D:\3.43\pic18-lt\cxx-framework\src\traditional\math\fxd1616u.c
                 FXD3232U   0x005676    program     extern D:\3.43\pic18-lt\cxx-framework\src\traditional\math\fxd3232u.c
                 FXM1616S   0x0052aa    program     extern D:\3.43\pic18-lt\cxx-framework\src\traditional\math\fxm1616s.asm
                  FXM3232   0x005548    program     extern D:\3.43\pic18-lt\cxx-framework\src\traditional\math\fxm3232.c
            HDByteReadI2C   0x003356    program     extern C:\Users\Alejandro\Documents\Archivos\documentos\IngBim\Tesis\Sistema\glucommeter-embedded\Drivers\I2CHandler.c
           HDByteWriteI2C   0x0031b2    program     extern C:\Users\Alejandro\Documents\Archivos\documentos\IngBim\Tesis\Sistema\glucommeter-embedded\Drivers\I2CHandler.c
           HDPageWriteI2C   0x003258    program     extern C:\Users\Alejandro\Documents\Archivos\documentos\IngBim\Tesis\Sistema\glucommeter-embedded\Drivers\I2CHandler.c
      HDSequentialReadI2C   0x003416    program     extern C:\Users\Alejandro\Documents\Archivos\documentos\IngBim\Tesis\Sistema\glucommeter-embedded\Drivers\I2CHandler.c
        High_Priority_Int   0x00508e    program     extern C:\Users\Alejandro\Documents\Archivos\documentos\IngBim\Tesis\Sistema\glucommeter-embedded\Scheduler\interrupciones.c
           Initialize_ADC   0x004bba    program     extern C:\Users\Alejandro\Documents\Archivos\documentos\IngBim\Tesis\Sistema\glucommeter-embedded\Drivers\ADC.c
       Initialize_Buttons   0x001ad0    program     extern C:\Users\Alejandro\Documents\Archivos\documentos\IngBim\Tesis\Sistema\glucommeter-embedded\Application\Buttons.c
           Initialize_CPU   0x005828    program     extern C:\Users\Alejandro\Documents\Archivos\documentos\IngBim\Tesis\Sistema\glucommeter-embedded\Scheduler\CPU.c
        Initialize_EEPROM   0x0025a4    program     extern C:\Users\Alejandro\Documents\Archivos\documentos\IngBim\Tesis\Sistema\glucommeter-embedded\Drivers\E2PHandler.c
    Initialize_Interrupts   0x00505c    program     extern C:\Users\Alejandro\Documents\Archivos\documentos\IngBim\Tesis\Sistema\glucommeter-embedded\Scheduler\interrupciones.c
           Initialize_LCD   0x004d12    program     extern C:\Users\Alejandro\Documents\Archivos\documentos\IngBim\Tesis\Sistema\glucommeter-embedded\Drivers\flex_lcd_c18.c
  Initialize_Measurements   0x003c34    program     extern C:\Users\Alejandro\Documents\Archivos\documentos\IngBim\Tesis\Sistema\glucommeter-embedded\Application\Measurements.c
         Initialize_Ports   0x0056be    program     extern C:\Users\Alejandro\Documents\Archivos\documentos\IngBim\Tesis\Sistema\glucommeter-embedded\Drivers\Ports.c
           Initialize_RTC   0x0042a4    program     extern C:\Users\Alejandro\Documents\Archivos\documentos\IngBim\Tesis\Sistema\glucommeter-embedded\Drivers\RTCHandler.c
   Initialize_TaskHandler   0x005154    program     extern C:\Users\Alejandro\Documents\Archivos\documentos\IngBim\Tesis\Sistema\glucommeter-embedded\Scheduler\TaskHandler.c
        Initialize_Timer0   0x005788    program     extern C:\Users\Alejandro\Documents\Archivos\documentos\IngBim\Tesis\Sistema\glucommeter-embedded\Drivers\Timer0cfg.c
         Initialize_USART   0x000034    program     extern C:\Users\Alejandro\Documents\Archivos\documentos\IngBim\Tesis\Sistema\glucommeter-embedded\Drivers\usart.c
          LCD_INIT_STRING   0x005838    program     extern C:\Users\Alejandro\Documents\Archivos\documentos\IngBim\Tesis\Sistema\glucommeter-embedded\Drivers\flex_lcd_c18.c
            LDByteReadI2C   0x00305a    program     extern C:\Users\Alejandro\Documents\Archivos\documentos\IngBim\Tesis\Sistema\glucommeter-embedded\Drivers\I2CHandler.c
           LDByteWriteI2C   0x002f86    program     extern C:\Users\Alejandro\Documents\Archivos\documentos\IngBim\Tesis\Sistema\glucommeter-embedded\Drivers\I2CHandler.c
           LDPageWriteI2C   0x002fd2    program     extern C:\Users\Alejandro\Documents\Archivos\documentos\IngBim\Tesis\Sistema\glucommeter-embedded\Drivers\I2CHandler.c
      LDSequentialReadI2C   0x0030c0    program     extern C:\Users\Alejandro\Documents\Archivos\documentos\IngBim\Tesis\Sistema\glucommeter-embedded\Drivers\I2CHandler.c
             MakeMeasures   0x003c72    program     extern C:\Users\Alejandro\Documents\Archivos\documentos\IngBim\Tesis\Sistema\glucommeter-embedded\Application\Measurements.c
           MeasureChannel   0x004236    program     extern C:\Users\Alejandro\Documents\Archivos\documentos\IngBim\Tesis\Sistema\glucommeter-embedded\Application\Measurements.c
                OpenUSART   0x00543a    program     extern D:\3.43\pic18-lt\cxx-framework\src\pmc_common\USART\uopen.c
                  ReadADC   0x004be8    program     extern C:\Users\Alejandro\Documents\Archivos\documentos\IngBim\Tesis\Sistema\glucommeter-embedded\Drivers\ADC.c
                 ReadTime   0x0046d0    program     extern C:\Users\Alejandro\Documents\Archivos\documentos\IngBim\Tesis\Sistema\glucommeter-embedded\Drivers\RTCHandler.c
        SM_EEPROM_STORAGE   0x0026ca    program     extern C:\Users\Alejandro\Documents\Archivos\documentos\IngBim\Tesis\Sistema\glucommeter-embedded\Drivers\E2PHandler.c
                 SaveTime   0x00436c    program     extern C:\Users\Alejandro\Documents\Archivos\documentos\IngBim\Tesis\Sistema\glucommeter-embedded\Drivers\RTCHandler.c
              ShowDataCfg   0x003926    program     extern C:\Users\Alejandro\Documents\Archivos\documentos\IngBim\Tesis\Sistema\glucommeter-embedded\Application\LcdHandler.c
             ShowDataMeas   0x003984    program     extern C:\Users\Alejandro\Documents\Archivos\documentos\IngBim\Tesis\Sistema\glucommeter-embedded\Application\LcdHandler.c
                 ShowText   0x003be0    program     extern C:\Users\Alejandro\Documents\Archivos\documentos\IngBim\Tesis\Sistema\glucommeter-embedded\Application\LcdHandler.c
               TSIGN1616A   0x0052f6    program     static D:\3.43\pic18-lt\cxx-framework\src\traditional\math\fxm1616s.asm
    Task_Handler_Function   0x005198    program     extern C:\Users\Alejandro\Documents\Archivos\documentos\IngBim\Tesis\Sistema\glucommeter-embedded\Scheduler\TaskHandler.c
           Tmr0_interrupt   0x005024    program     extern C:\Users\Alejandro\Documents\Archivos\documentos\IngBim\Tesis\Sistema\glucommeter-embedded\Scheduler\interrupciones.c
               Update_E2P   0x0026b4    program     extern C:\Users\Alejandro\Documents\Archivos\documentos\IngBim\Tesis\Sistema\glucommeter-embedded\Drivers\E2PHandler.c
               Update_LCD   0x003572    program     extern C:\Users\Alejandro\Documents\Archivos\documentos\IngBim\Tesis\Sistema\glucommeter-embedded\Application\LcdHandler.c
                   _2jEnd   0x005608    program     static D:\3.43\pic18-lt\cxx-framework\src\traditional\stdclib\slenpgm.asm
       _D100TCYXCODE_0008   0x0057e6    program     static D:\3.43\pic18-lt\cxx-framework\src\traditional\delays\d100tcyx.asm
       _D100TCYXCODE_0012   0x0057f0    program     static D:\3.43\pic18-lt\cxx-framework\src\traditional\delays\d100tcyx.asm
       _D100TCYXCODE_0018   0x0057f6    program     static D:\3.43\pic18-lt\cxx-framework\src\traditional\delays\d100tcyx.asm
        _D1KTCYXCODE_0010   0x005758    program     static D:\3.43\pic18-lt\cxx-framework\src\traditional\delays\d1ktcyx.asm
        _D1KTCYXCODE_0016   0x00575e    program     static D:\3.43\pic18-lt\cxx-framework\src\traditional\delays\d1ktcyx.asm
         ___else_lbl00003   0x004cda    program     static                          
           ___if_lbl00002   0x004cdc    program     static                          
       ___return_lbl00000   0x005722    program     static                          
       ___return_lbl00000   0x000004    program     static                          
       ___return_lbl00000   0x004ca4    program     static                          
       ___return_lbl00000   0x0056bc    program     static                          
       ___return_lbl00000   0x0055b6    program     static                          
       ___return_lbl00000   0x00000c    program     static                          
       ___return_lbl00001   0x004d0a    program     static                          
       ___return_lbl00001   0x0057c0    program     static                          
       ___return_lbl00002   0x0053a0    program     static                          
                   __init   0x000006    program     extern D:\3.43\pic18-lt\cxx-framework\src\traditional\stdclib\__init.c
                   __pa_0   0x0017ee    program     static D:\3.43\pic18-lt\cxx-framework\src\traditional\stdclib\vfprintf.c
                   __pa_1   0x0017f6    program     static D:\3.43\pic18-lt\cxx-framework\src\traditional\stdclib\vfprintf.c
                  __pa_10   0x0018aa    program     static D:\3.43\pic18-lt\cxx-framework\src\traditional\stdclib\vfprintf.c
                  __pa_11   0x0018b8    program     static D:\3.43\pic18-lt\cxx-framework\src\traditional\stdclib\vfprintf.c
                  __pa_12   0x0018ce    program     static D:\3.43\pic18-lt\cxx-framework\src\traditional\stdclib\vfprintf.c
                  __pa_13   0x0018e8    program     static D:\3.43\pic18-lt\cxx-framework\src\traditional\stdclib\vfprintf.c
                  __pa_14   0x001900    program     static D:\3.43\pic18-lt\cxx-framework\src\traditional\stdclib\vfprintf.c
                  __pa_15   0x001910    program     static D:\3.43\pic18-lt\cxx-framework\src\traditional\stdclib\vfprintf.c
                  __pa_16   0x001926    program     static D:\3.43\pic18-lt\cxx-framework\src\traditional\stdclib\vfprintf.c
                  __pa_17   0x001938    program     static D:\3.43\pic18-lt\cxx-framework\src\traditional\stdclib\vfprintf.c
                  __pa_18   0x00194a    program     static D:\3.43\pic18-lt\cxx-framework\src\traditional\stdclib\vfprintf.c
                  __pa_19   0x001954    program     static D:\3.43\pic18-lt\cxx-framework\src\traditional\stdclib\vfprintf.c
                   __pa_2   0x001800    program     static D:\3.43\pic18-lt\cxx-framework\src\traditional\stdclib\vfprintf.c
                  __pa_20   0x001964    program     static D:\3.43\pic18-lt\cxx-framework\src\traditional\stdclib\vfprintf.c
                  __pa_21   0x001974    program     static D:\3.43\pic18-lt\cxx-framework\src\traditional\stdclib\vfprintf.c
                  __pa_22   0x001984    program     static D:\3.43\pic18-lt\cxx-framework\src\traditional\stdclib\vfprintf.c
                  __pa_23   0x001990    program     static D:\3.43\pic18-lt\cxx-framework\src\traditional\stdclib\vfprintf.c
                  __pa_24   0x00199e    program     static D:\3.43\pic18-lt\cxx-framework\src\traditional\stdclib\vfprintf.c
                  __pa_25   0x0019a6    program     static D:\3.43\pic18-lt\cxx-framework\src\traditional\stdclib\vfprintf.c
                  __pa_26   0x0019b0    program     static D:\3.43\pic18-lt\cxx-framework\src\traditional\stdclib\vfprintf.c
                  __pa_27   0x0019ba    program     static D:\3.43\pic18-lt\cxx-framework\src\traditional\stdclib\vfprintf.c
                  __pa_28   0x0019c2    program     static D:\3.43\pic18-lt\cxx-framework\src\traditional\stdclib\vfprintf.c
                  __pa_29   0x0019d0    program     static D:\3.43\pic18-lt\cxx-framework\src\traditional\stdclib\vfprintf.c
                   __pa_3   0x00180a    program     static D:\3.43\pic18-lt\cxx-framework\src\traditional\stdclib\vfprintf.c
                  __pa_30   0x0019ec    program     static D:\3.43\pic18-lt\cxx-framework\src\traditional\stdclib\vfprintf.c
                  __pa_31   0x001a06    program     static D:\3.43\pic18-lt\cxx-framework\src\traditional\stdclib\vfprintf.c
                  __pa_32   0x001a20    program     static D:\3.43\pic18-lt\cxx-framework\src\traditional\stdclib\vfprintf.c
                  __pa_33   0x001a38    program     static D:\3.43\pic18-lt\cxx-framework\src\traditional\stdclib\vfprintf.c
                  __pa_34   0x001a42    program     static D:\3.43\pic18-lt\cxx-framework\src\traditional\stdclib\vfprintf.c
                  __pa_35   0x001a50    program     static D:\3.43\pic18-lt\cxx-framework\src\traditional\stdclib\vfprintf.c
                  __pa_36   0x001a58    program     static D:\3.43\pic18-lt\cxx-framework\src\traditional\stdclib\vfprintf.c
                  __pa_37   0x001a62    program     static D:\3.43\pic18-lt\cxx-framework\src\traditional\stdclib\vfprintf.c
                  __pa_38   0x001a72    program     static D:\3.43\pic18-lt\cxx-framework\src\traditional\stdclib\vfprintf.c
                  __pa_39   0x001a80    program     static D:\3.43\pic18-lt\cxx-framework\src\traditional\stdclib\vfprintf.c
                   __pa_4   0x001822    program     static D:\3.43\pic18-lt\cxx-framework\src\traditional\stdclib\vfprintf.c
                  __pa_40   0x001a8c    program     static D:\3.43\pic18-lt\cxx-framework\src\traditional\stdclib\vfprintf.c
                  __pa_41   0x001a98    program     static D:\3.43\pic18-lt\cxx-framework\src\traditional\stdclib\vfprintf.c
                  __pa_42   0x001aa0    program     static D:\3.43\pic18-lt\cxx-framework\src\traditional\stdclib\vfprintf.c
                  __pa_43   0x001aaa    program     static D:\3.43\pic18-lt\cxx-framework\src\traditional\stdclib\vfprintf.c
                  __pa_44   0x001ab0    program     static D:\3.43\pic18-lt\cxx-framework\src\traditional\stdclib\vfprintf.c
                  __pa_45   0x001aba    program     static D:\3.43\pic18-lt\cxx-framework\src\traditional\stdclib\vfprintf.c
                  __pa_46   0x001ac6    program     static D:\3.43\pic18-lt\cxx-framework\src\traditional\stdclib\vfprintf.c
                   __pa_5   0x001836    program     static D:\3.43\pic18-lt\cxx-framework\src\traditional\stdclib\vfprintf.c
                   __pa_6   0x001852    program     static D:\3.43\pic18-lt\cxx-framework\src\traditional\stdclib\vfprintf.c
                   __pa_7   0x00185c    program     static D:\3.43\pic18-lt\cxx-framework\src\traditional\stdclib\vfprintf.c
                   __pa_8   0x001868    program     static D:\3.43\pic18-lt\cxx-framework\src\traditional\stdclib\vfprintf.c
                   __pa_9   0x00188a    program     static D:\3.43\pic18-lt\cxx-framework\src\traditional\stdclib\vfprintf.c
               __string_0   0x004f21    program     static C:\Users\Alejandro\Documents\Archivos\documentos\IngBim\Tesis\Sistema\glucommeter-embedded\Application\Buttons.c
               __string_0   0x005013    program     static C:\Users\Alejandro\Documents\Archivos\documentos\IngBim\Tesis\Sistema\glucommeter-embedded\Application\LcdHandler.c
               __string_0   0x004ec7    program     static C:\Users\Alejandro\Documents\Archivos\documentos\IngBim\Tesis\Sistema\glucommeter-embedded\Drivers\usart.c
               __string_1   0x005002    program     static C:\Users\Alejandro\Documents\Archivos\documentos\IngBim\Tesis\Sistema\glucommeter-embedded\Application\LcdHandler.c
               __string_1   0x004ebd    program     static C:\Users\Alejandro\Documents\Archivos\documentos\IngBim\Tesis\Sistema\glucommeter-embedded\Drivers\usart.c
               __string_1   0x004f10    program     static C:\Users\Alejandro\Documents\Archivos\documentos\IngBim\Tesis\Sistema\glucommeter-embedded\Application\Buttons.c
              __string_10   0x004f69    program     static C:\Users\Alejandro\Documents\Archivos\documentos\IngBim\Tesis\Sistema\glucommeter-embedded\Application\LcdHandler.c
              __string_10   0x004e86    program     static C:\Users\Alejandro\Documents\Archivos\documentos\IngBim\Tesis\Sistema\glucommeter-embedded\Drivers\usart.c
              __string_11   0x004f58    program     static C:\Users\Alejandro\Documents\Archivos\documentos\IngBim\Tesis\Sistema\glucommeter-embedded\Application\LcdHandler.c
              __string_11   0x004e80    program     static C:\Users\Alejandro\Documents\Archivos\documentos\IngBim\Tesis\Sistema\glucommeter-embedded\Drivers\usart.c
              __string_12   0x004f56    program     static C:\Users\Alejandro\Documents\Archivos\documentos\IngBim\Tesis\Sistema\glucommeter-embedded\Application\LcdHandler.c
              __string_13   0x004f54    program     static C:\Users\Alejandro\Documents\Archivos\documentos\IngBim\Tesis\Sistema\glucommeter-embedded\Application\LcdHandler.c
              __string_14   0x004f51    program     static C:\Users\Alejandro\Documents\Archivos\documentos\IngBim\Tesis\Sistema\glucommeter-embedded\Application\LcdHandler.c
              __string_15   0x004f4d    program     static C:\Users\Alejandro\Documents\Archivos\documentos\IngBim\Tesis\Sistema\glucommeter-embedded\Application\LcdHandler.c
              __string_16   0x004f46    program     static C:\Users\Alejandro\Documents\Archivos\documentos\IngBim\Tesis\Sistema\glucommeter-embedded\Application\LcdHandler.c
              __string_17   0x004f3f    program     static C:\Users\Alejandro\Documents\Archivos\documentos\IngBim\Tesis\Sistema\glucommeter-embedded\Application\LcdHandler.c
              __string_18   0x004f38    program     static C:\Users\Alejandro\Documents\Archivos\documentos\IngBim\Tesis\Sistema\glucommeter-embedded\Application\LcdHandler.c
              __string_19   0x004f32    program     static C:\Users\Alejandro\Documents\Archivos\documentos\IngBim\Tesis\Sistema\glucommeter-embedded\Application\LcdHandler.c
               __string_2   0x004eb7    program     static C:\Users\Alejandro\Documents\Archivos\documentos\IngBim\Tesis\Sistema\glucommeter-embedded\Drivers\usart.c
               __string_2   0x004eff    program     static C:\Users\Alejandro\Documents\Archivos\documentos\IngBim\Tesis\Sistema\glucommeter-embedded\Application\Buttons.c
               __string_2   0x004ff1    program     static C:\Users\Alejandro\Documents\Archivos\documentos\IngBim\Tesis\Sistema\glucommeter-embedded\Application\LcdHandler.c
               __string_3   0x004eee    program     static C:\Users\Alejandro\Documents\Archivos\documentos\IngBim\Tesis\Sistema\glucommeter-embedded\Application\Buttons.c
               __string_3   0x004fe0    program     static C:\Users\Alejandro\Documents\Archivos\documentos\IngBim\Tesis\Sistema\glucommeter-embedded\Application\LcdHandler.c
               __string_3   0x004ead    program     static C:\Users\Alejandro\Documents\Archivos\documentos\IngBim\Tesis\Sistema\glucommeter-embedded\Drivers\usart.c
               __string_4   0x004edd    program     static C:\Users\Alejandro\Documents\Archivos\documentos\IngBim\Tesis\Sistema\glucommeter-embedded\Application\Buttons.c
               __string_4   0x004fcf    program     static C:\Users\Alejandro\Documents\Archivos\documentos\IngBim\Tesis\Sistema\glucommeter-embedded\Application\LcdHandler.c
               __string_4   0x004ea8    program     static C:\Users\Alejandro\Documents\Archivos\documentos\IngBim\Tesis\Sistema\glucommeter-embedded\Drivers\usart.c
               __string_5   0x004ecc    program     static C:\Users\Alejandro\Documents\Archivos\documentos\IngBim\Tesis\Sistema\glucommeter-embedded\Application\Buttons.c
               __string_5   0x004ea2    program     static C:\Users\Alejandro\Documents\Archivos\documentos\IngBim\Tesis\Sistema\glucommeter-embedded\Drivers\usart.c
               __string_5   0x004fbe    program     static C:\Users\Alejandro\Documents\Archivos\documentos\IngBim\Tesis\Sistema\glucommeter-embedded\Application\LcdHandler.c
               __string_6   0x004e9c    program     static C:\Users\Alejandro\Documents\Archivos\documentos\IngBim\Tesis\Sistema\glucommeter-embedded\Drivers\usart.c
               __string_6   0x004fad    program     static C:\Users\Alejandro\Documents\Archivos\documentos\IngBim\Tesis\Sistema\glucommeter-embedded\Application\LcdHandler.c
               __string_7   0x004e97    program     static C:\Users\Alejandro\Documents\Archivos\documentos\IngBim\Tesis\Sistema\glucommeter-embedded\Drivers\usart.c
               __string_7   0x004f9c    program     static C:\Users\Alejandro\Documents\Archivos\documentos\IngBim\Tesis\Sistema\glucommeter-embedded\Application\LcdHandler.c
               __string_8   0x004f8b    program     static C:\Users\Alejandro\Documents\Archivos\documentos\IngBim\Tesis\Sistema\glucommeter-embedded\Application\LcdHandler.c
               __string_8   0x004e93    program     static C:\Users\Alejandro\Documents\Archivos\documentos\IngBim\Tesis\Sistema\glucommeter-embedded\Drivers\usart.c
               __string_9   0x004f7a    program     static C:\Users\Alejandro\Documents\Archivos\documentos\IngBim\Tesis\Sistema\glucommeter-embedded\Application\LcdHandler.c
               __string_9   0x004e8d    program     static C:\Users\Alejandro\Documents\Archivos\documentos\IngBim\Tesis\Sistema\glucommeter-embedded\Drivers\usart.c
               __tmplbl_0   0x004c24    program     static                          
               __tmplbl_1   0x004c20    program     static                          
               __tmplbl_2   0x004c46    program     static                          
               __tmplbl_3   0x004c42    program     static                          
               __tmplbl_4   0x004c68    program     static                          
              __tmplbl_42   0x001984    program     static                          
              __tmplbl_43   0x0017cc    program     static                          
              __tmplbl_44   0x0017b2    program     static                          
               __tmplbl_5   0x004c64    program     static                          
               __tmplbl_6   0x004c8a    program     static                          
               __tmplbl_7   0x004c86    program     static                          
              __tmplbl_85   0x000f04    program     static                          
              __tmplbl_90   0x000eac    program     static                          
              __tmplbl_91   0x000ea8    program     static                          
              __tmplbl_92   0x000ea8    program     static                          
              __tmplbl_93   0x000ea8    program     static                          
            __zero_memory   0x005768    program     extern D:\3.43\pic18-lt\cxx-framework\src\traditional\proc\p18f4550.asm
                _do_cinit   0x005304    program     extern D:\3.43\pic18-lt\cxx-framework\src\traditional\startup\c018i.c
                   _entry   0x000000    program     extern D:\3.43\pic18-lt\cxx-framework\src\traditional\startup\c018i.c
                   _false   0x0056b8    program     static                          
                 _startup   0x0057a6    program     extern D:\3.43\pic18-lt\cxx-framework\src\traditional\startup\c018i.c
              _usart_putc   0x0057c2    program     extern D:\3.43\pic18-lt\cxx-framework\src\pmc_common\USART\_usartpc.asm
               _user_putc   0x0057fa    program     extern C:\Users\Alejandro\Documents\Archivos\documentos\IngBim\Tesis\Sistema\glucommeter-embedded\Drivers\_user_putc.c
                   bit_in   0x002e18    program     extern C:\Users\Alejandro\Documents\Archivos\documentos\IngBim\Tesis\Sistema\glucommeter-embedded\Drivers\I2CHandler.c
                  bit_out   0x002dec    program     extern C:\Users\Alejandro\Documents\Archivos\documentos\IngBim\Tesis\Sistema\glucommeter-embedded\Drivers\I2CHandler.c
                   bstart   0x002dd4    program     extern C:\Users\Alejandro\Documents\Archivos\documentos\IngBim\Tesis\Sistema\glucommeter-embedded\Drivers\I2CHandler.c
                    bstop   0x002de0    program     extern C:\Users\Alejandro\Documents\Archivos\documentos\IngBim\Tesis\Sistema\glucommeter-embedded\Drivers\I2CHandler.c
                  byte_in   0x002ed4    program     extern C:\Users\Alejandro\Documents\Archivos\documentos\IngBim\Tesis\Sistema\glucommeter-embedded\Drivers\I2CHandler.c
                 byte_out   0x002e5a    program     extern C:\Users\Alejandro\Documents\Archivos\documentos\IngBim\Tesis\Sistema\glucommeter-embedded\Drivers\I2CHandler.c
                compare_l   0x00577e    program     static D:\3.43\pic18-lt\cxx-framework\src\traditional\proc\p18f4550.asm
                copy_loop   0x005376    program     static                          
            copy_one_byte   0x00537c    program     static                          
                     done   0x0053a0    program     static                          
             done_copying   0x00538a    program     static                          
                  endloop   0x00571e    program     static                          
 interrupt_at_high_vector   0x000008    program     extern C:\Users\Alejandro\Documents\Archivos\documentos\IngBim\Tesis\Sistema\glucommeter-embedded\Scheduler\interrupciones.c
                  isdigit   0x005724    program     extern D:\3.43\pic18-lt\cxx-framework\src\traditional\stdclib\isdigit.asm
                     jEnd   0x0055d2    program     static D:\3.43\pic18-lt\cxx-framework\src\traditional\stdclib\strlen.asm
                     jEnd   0x00560a    program     static D:\3.43\pic18-lt\cxx-framework\src\traditional\stdclib\slenpgm.asm
                    jLoop   0x0055c8    program     static D:\3.43\pic18-lt\cxx-framework\src\traditional\stdclib\strlen.asm
                    jLoop   0x0055f2    program     static D:\3.43\pic18-lt\cxx-framework\src\traditional\stdclib\slenpgm.asm
                   jMatch   0x005744    program     static D:\3.43\pic18-lt\cxx-framework\src\traditional\stdclib\isdigit.asm
                 jNoMatch   0x005746    program     static D:\3.43\pic18-lt\cxx-framework\src\traditional\stdclib\isdigit.asm
               lcd_gotoxy   0x004dba    program     extern C:\Users\Alejandro\Documents\Archivos\documentos\IngBim\Tesis\Sistema\glucommeter-embedded\Drivers\flex_lcd_c18.c
                 lcd_putc   0x004e0c    program     extern C:\Users\Alejandro\Documents\Archivos\documentos\IngBim\Tesis\Sistema\glucommeter-embedded\Drivers\flex_lcd_c18.c
            lcd_send_byte   0x004cac    program     extern C:\Users\Alejandro\Documents\Archivos\documentos\IngBim\Tesis\Sistema\glucommeter-embedded\Drivers\flex_lcd_c18.c
          lcd_send_nibble   0x004c0a    program     extern C:\Users\Alejandro\Documents\Archivos\documentos\IngBim\Tesis\Sistema\glucommeter-embedded\Drivers\flex_lcd_c18.c
                     loop   0x005684    program     static                          
                     loop   0x0057d2    program     static D:\3.43\pic18-lt\cxx-framework\src\pmc_common\USART\_usartpc.asm
                     loop   0x0057b6    program     static                          
                     loop   0x005702    program     static                          
                   loop_h   0x005776    program     static D:\3.43\pic18-lt\cxx-framework\src\traditional\proc\p18f4550.asm
                   loop_l   0x005780    program     static D:\3.43\pic18-lt\cxx-framework\src\traditional\proc\p18f4550.asm
                     main   0x00561e    program     extern C:\Users\Alejandro\Documents\Archivos\documentos\IngBim\Tesis\Sistema\glucommeter-embedded\Scheduler\main.c
                   printf   0x0053a2    program     extern D:\3.43\pic18-lt\cxx-framework\src\traditional\stdclib\printf.c
                     putc   0x0054c4    program     extern D:\3.43\pic18-lt\cxx-framework\src\traditional\stdclib\putc.c
                 s_digits   0x005816    program     static D:\3.43\pic18-lt\cxx-framework\src\traditional\stdclib\vfprintf.c
            s_put_n_chars   0x000eae    program     static D:\3.43\pic18-lt\cxx-framework\src\traditional\stdclib\vfprintf.c
                   strlen   0x0055b8    program     extern D:\3.43\pic18-lt\cxx-framework\src\traditional\stdclib\strlen.asm
                strlenpgm   0x0055d4    program     extern D:\3.43\pic18-lt\cxx-framework\src\traditional\stdclib\slenpgm.asm
                     test   0x00531e    program     static                          
                 vfprintf   0x000eda    program     extern D:\3.43\pic18-lt\cxx-framework\src\traditional\stdclib\vfprintf.c
               zero_block   0x005776    program     static D:\3.43\pic18-lt\cxx-framework\src\traditional\proc\p18f4550.asm
                   ADCON0   0x000fc2       data     extern D:\3.43\pic18-lt\cxx-framework\src\traditional\proc\p18f4550.asm
               ADCON0bits   0x000fc2       data     extern D:\3.43\pic18-lt\cxx-framework\src\traditional\proc\p18f4550.asm
                   ADCON1   0x000fc1       data     extern D:\3.43\pic18-lt\cxx-framework\src\traditional\proc\p18f4550.asm
               ADCON1bits   0x000fc1       data     extern D:\3.43\pic18-lt\cxx-framework\src\traditional\proc\p18f4550.asm
                   ADCON2   0x000fc0       data     extern D:\3.43\pic18-lt\cxx-framework\src\traditional\proc\p18f4550.asm
               ADCON2bits   0x000fc0       data     extern D:\3.43\pic18-lt\cxx-framework\src\traditional\proc\p18f4550.asm
                    ADRES   0x000fc3       data     extern D:\3.43\pic18-lt\cxx-framework\src\traditional\proc\p18f4550.asm
                   ADRESH   0x000fc4       data     extern D:\3.43\pic18-lt\cxx-framework\src\traditional\proc\p18f4550.asm
                   ADRESL   0x000fc3       data     extern D:\3.43\pic18-lt\cxx-framework\src\traditional\proc\p18f4550.asm
        ActualButtonState   0x00009c       data     extern C:\Users\Alejandro\Documents\Archivos\documentos\IngBim\Tesis\Sistema\glucommeter-embedded\Application\Buttons.c
            ActualTimeVar   0x0000a0       data     extern C:\Users\Alejandro\Documents\Archivos\documentos\IngBim\Tesis\Sistema\glucommeter-embedded\Application\Buttons.c
          Actual_GLU_Addr   0x0001e6       data     extern C:\Users\Alejandro\Documents\Archivos\documentos\IngBim\Tesis\Sistema\glucommeter-embedded\Drivers\E2PHandler.c
      Actual_GLU_cal_Addr   0x0001e8       data     extern C:\Users\Alejandro\Documents\Archivos\documentos\IngBim\Tesis\Sistema\glucommeter-embedded\Drivers\E2PHandler.c
         Actual_ISIG_Addr   0x0001e4       data     extern C:\Users\Alejandro\Documents\Archivos\documentos\IngBim\Tesis\Sistema\glucommeter-embedded\Drivers\E2PHandler.c
          Actual_LCD_page   0x0000a4       data     extern C:\Users\Alejandro\Documents\Archivos\documentos\IngBim\Tesis\Sistema\glucommeter-embedded\Application\LcdHandler.c
         Actual_TIME_Addr   0x0001ec       data     extern C:\Users\Alejandro\Documents\Archivos\documentos\IngBim\Tesis\Sistema\glucommeter-embedded\Drivers\E2PHandler.c
         Actual_VSEN_Addr   0x0001ea       data     extern C:\Users\Alejandro\Documents\Archivos\documentos\IngBim\Tesis\Sistema\glucommeter-embedded\Drivers\E2PHandler.c
                  BAUDCON   0x000fb8       data     extern D:\3.43\pic18-lt\cxx-framework\src\traditional\proc\p18f4550.asm
              BAUDCONbits   0x000fb8       data     extern D:\3.43\pic18-lt\cxx-framework\src\traditional\proc\p18f4550.asm
                  BAUDCTL   0x000fb8       data     extern D:\3.43\pic18-lt\cxx-framework\src\traditional\proc\p18f4550.asm
              BAUDCTLbits   0x000fb8       data     extern D:\3.43\pic18-lt\cxx-framework\src\traditional\proc\p18f4550.asm
                      BSR   0x000fe0       data     extern D:\3.43\pic18-lt\cxx-framework\src\traditional\proc\p18f4550.asm
              ButtonState   0x00009f       data     extern C:\Users\Alejandro\Documents\Archivos\documentos\IngBim\Tesis\Sistema\glucommeter-embedded\Application\Buttons.c
                   CCP1AS   0x000fb6       data     extern D:\3.43\pic18-lt\cxx-framework\src\traditional\proc\p18f4550.asm
               CCP1ASbits   0x000fb6       data     extern D:\3.43\pic18-lt\cxx-framework\src\traditional\proc\p18f4550.asm
                  CCP1CON   0x000fbd       data     extern D:\3.43\pic18-lt\cxx-framework\src\traditional\proc\p18f4550.asm
              CCP1CONbits   0x000fbd       data     extern D:\3.43\pic18-lt\cxx-framework\src\traditional\proc\p18f4550.asm
                  CCP1DEL   0x000fb7       data     extern D:\3.43\pic18-lt\cxx-framework\src\traditional\proc\p18f4550.asm
              CCP1DELbits   0x000fb7       data     extern D:\3.43\pic18-lt\cxx-framework\src\traditional\proc\p18f4550.asm
                  CCP2CON   0x000fba       data     extern D:\3.43\pic18-lt\cxx-framework\src\traditional\proc\p18f4550.asm
              CCP2CONbits   0x000fba       data     extern D:\3.43\pic18-lt\cxx-framework\src\traditional\proc\p18f4550.asm
                    CCPR1   0x000fbe       data     extern D:\3.43\pic18-lt\cxx-framework\src\traditional\proc\p18f4550.asm
                   CCPR1H   0x000fbf       data     extern D:\3.43\pic18-lt\cxx-framework\src\traditional\proc\p18f4550.asm
                   CCPR1L   0x000fbe       data     extern D:\3.43\pic18-lt\cxx-framework\src\traditional\proc\p18f4550.asm
                    CCPR2   0x000fbb       data     extern D:\3.43\pic18-lt\cxx-framework\src\traditional\proc\p18f4550.asm
                   CCPR2H   0x000fbc       data     extern D:\3.43\pic18-lt\cxx-framework\src\traditional\proc\p18f4550.asm
                   CCPR2L   0x000fbb       data     extern D:\3.43\pic18-lt\cxx-framework\src\traditional\proc\p18f4550.asm
                    CMCON   0x000fb4       data     extern D:\3.43\pic18-lt\cxx-framework\src\traditional\proc\p18f4550.asm
                CMCONbits   0x000fb4       data     extern D:\3.43\pic18-lt\cxx-framework\src\traditional\proc\p18f4550.asm
                      CNT   0x0001bf       data     extern C:\Users\Alejandro\Documents\Archivos\documentos\IngBim\Tesis\Sistema\glucommeter-embedded\Application\Measurements.c
                 CNTvalue   0x00013d       data     extern C:\Users\Alejandro\Documents\Archivos\documentos\IngBim\Tesis\Sistema\glucommeter-embedded\Application\Measurements.c
                   CVRCON   0x000fb5       data     extern D:\3.43\pic18-lt\cxx-framework\src\traditional\proc\p18f4550.asm
               CVRCONbits   0x000fb5       data     extern D:\3.43\pic18-lt\cxx-framework\src\traditional\proc\p18f4550.asm
                     DDRA   0x000f92       data     extern D:\3.43\pic18-lt\cxx-framework\src\traditional\proc\p18f4550.asm
                 DDRAbits   0x000f92       data     extern D:\3.43\pic18-lt\cxx-framework\src\traditional\proc\p18f4550.asm
                     DDRB   0x000f93       data     extern D:\3.43\pic18-lt\cxx-framework\src\traditional\proc\p18f4550.asm
                 DDRBbits   0x000f93       data     extern D:\3.43\pic18-lt\cxx-framework\src\traditional\proc\p18f4550.asm
                     DDRC   0x000f94       data     extern D:\3.43\pic18-lt\cxx-framework\src\traditional\proc\p18f4550.asm
                 DDRCbits   0x000f94       data     extern D:\3.43\pic18-lt\cxx-framework\src\traditional\proc\p18f4550.asm
                     DDRD   0x000f95       data     extern D:\3.43\pic18-lt\cxx-framework\src\traditional\proc\p18f4550.asm
                 DDRDbits   0x000f95       data     extern D:\3.43\pic18-lt\cxx-framework\src\traditional\proc\p18f4550.asm
                     DDRE   0x000f96       data     extern D:\3.43\pic18-lt\cxx-framework\src\traditional\proc\p18f4550.asm
                 DDREbits   0x000f96       data     extern D:\3.43\pic18-lt\cxx-framework\src\traditional\proc\p18f4550.asm
                   DataRx   0x000060       data     extern C:\Users\Alejandro\Documents\Archivos\documentos\IngBim\Tesis\Sistema\glucommeter-embedded\Drivers\usart.c
              DataRxIndex   0x0001fb       data     extern C:\Users\Alejandro\Documents\Archivos\documentos\IngBim\Tesis\Sistema\glucommeter-embedded\Drivers\usart.c
                   DataTx   0x0001fd       data     extern C:\Users\Alejandro\Documents\Archivos\documentos\IngBim\Tesis\Sistema\glucommeter-embedded\Drivers\usart.c
               DataTxTemp   0x0001ff       data     extern C:\Users\Alejandro\Documents\Archivos\documentos\IngBim\Tesis\Sistema\glucommeter-embedded\Drivers\usart.c
             DebounceCntr   0x00009e       data     extern C:\Users\Alejandro\Documents\Archivos\documentos\IngBim\Tesis\Sistema\glucommeter-embedded\Application\Buttons.c
            DelayCounter1   0x000034       data     extern D:\3.43\pic18-lt\cxx-framework\src\traditional\delays\delayd1.asm
                  ECCP1AS   0x000fb6       data     extern D:\3.43\pic18-lt\cxx-framework\src\traditional\proc\p18f4550.asm
              ECCP1ASbits   0x000fb6       data     extern D:\3.43\pic18-lt\cxx-framework\src\traditional\proc\p18f4550.asm
                 ECCP1CON   0x000fbd       data     extern D:\3.43\pic18-lt\cxx-framework\src\traditional\proc\p18f4550.asm
             ECCP1CONbits   0x000fbd       data     extern D:\3.43\pic18-lt\cxx-framework\src\traditional\proc\p18f4550.asm
                 ECCP1DEL   0x000fb7       data     extern D:\3.43\pic18-lt\cxx-framework\src\traditional\proc\p18f4550.asm
             ECCP1DELbits   0x000fb7       data     extern D:\3.43\pic18-lt\cxx-framework\src\traditional\proc\p18f4550.asm
                    EEADR   0x000fa9       data     extern D:\3.43\pic18-lt\cxx-framework\src\traditional\proc\p18f4550.asm
                   EECON1   0x000fa6       data     extern D:\3.43\pic18-lt\cxx-framework\src\traditional\proc\p18f4550.asm
               EECON1bits   0x000fa6       data     extern D:\3.43\pic18-lt\cxx-framework\src\traditional\proc\p18f4550.asm
                   EECON2   0x000fa7       data     extern D:\3.43\pic18-lt\cxx-framework\src\traditional\proc\p18f4550.asm
                   EEDATA   0x000fa8       data     extern D:\3.43\pic18-lt\cxx-framework\src\traditional\proc\p18f4550.asm
            EEPROM_Status   0x0001f0       data     extern C:\Users\Alejandro\Documents\Archivos\documentos\IngBim\Tesis\Sistema\glucommeter-embedded\Drivers\E2PHandler.c
                     FSR0   0x000fe9       data     extern D:\3.43\pic18-lt\cxx-framework\src\traditional\proc\p18f4550.asm
                    FSR0H   0x000fea       data     extern D:\3.43\pic18-lt\cxx-framework\src\traditional\proc\p18f4550.asm
                    FSR0L   0x000fe9       data     extern D:\3.43\pic18-lt\cxx-framework\src\traditional\proc\p18f4550.asm
                     FSR1   0x000fe1       data     extern D:\3.43\pic18-lt\cxx-framework\src\traditional\proc\p18f4550.asm
                    FSR1H   0x000fe2       data     extern D:\3.43\pic18-lt\cxx-framework\src\traditional\proc\p18f4550.asm
                    FSR1L   0x000fe1       data     extern D:\3.43\pic18-lt\cxx-framework\src\traditional\proc\p18f4550.asm
                     FSR2   0x000fd9       data     extern D:\3.43\pic18-lt\cxx-framework\src\traditional\proc\p18f4550.asm
                    FSR2H   0x000fda       data     extern D:\3.43\pic18-lt\cxx-framework\src\traditional\proc\p18f4550.asm
                    FSR2L   0x000fd9       data     extern D:\3.43\pic18-lt\cxx-framework\src\traditional\proc\p18f4550.asm
     FlagMeasuresComplete   0x0000ab       data     extern C:\Users\Alejandro\Documents\Archivos\documentos\IngBim\Tesis\Sistema\glucommeter-embedded\Drivers\E2PHandler.c
              FlagRunTask   0x0000ac       data     extern C:\Users\Alejandro\Documents\Archivos\documentos\IngBim\Tesis\Sistema\glucommeter-embedded\Scheduler\main.c
                      GLU   0x0001c3       data     extern C:\Users\Alejandro\Documents\Archivos\documentos\IngBim\Tesis\Sistema\glucommeter-embedded\Application\Measurements.c
              GLU_Tx_Addr   0x000094       data     extern C:\Users\Alejandro\Documents\Archivos\documentos\IngBim\Tesis\Sistema\glucommeter-embedded\Drivers\usart.c
                  GLU_cal   0x0001c5       data     extern C:\Users\Alejandro\Documents\Archivos\documentos\IngBim\Tesis\Sistema\glucommeter-embedded\Application\Measurements.c
          GLU_cal_Tx_Addr   0x000096       data     extern C:\Users\Alejandro\Documents\Archivos\documentos\IngBim\Tesis\Sistema\glucommeter-embedded\Drivers\usart.c
                      GND   0x0001bb       data     extern C:\Users\Alejandro\Documents\Archivos\documentos\IngBim\Tesis\Sistema\glucommeter-embedded\Application\Measurements.c
                 GNDvalue   0x000197       data     extern C:\Users\Alejandro\Documents\Archivos\documentos\IngBim\Tesis\Sistema\glucommeter-embedded\Application\Measurements.c
              GluCal_Flag   0x0000a1       data     extern C:\Users\Alejandro\Documents\Archivos\documentos\IngBim\Tesis\Sistema\glucommeter-embedded\Application\Buttons.c
                  HLVDCON   0x000fd2       data     extern D:\3.43\pic18-lt\cxx-framework\src\traditional\proc\p18f4550.asm
              HLVDCONbits   0x000fd2       data     extern D:\3.43\pic18-lt\cxx-framework\src\traditional\proc\p18f4550.asm
                    INDF0   0x000fef       data     extern D:\3.43\pic18-lt\cxx-framework\src\traditional\proc\p18f4550.asm
                    INDF1   0x000fe7       data     extern D:\3.43\pic18-lt\cxx-framework\src\traditional\proc\p18f4550.asm
                    INDF2   0x000fdf       data     extern D:\3.43\pic18-lt\cxx-framework\src\traditional\proc\p18f4550.asm
                   INTCON   0x000ff2       data     extern D:\3.43\pic18-lt\cxx-framework\src\traditional\proc\p18f4550.asm
                  INTCON2   0x000ff1       data     extern D:\3.43\pic18-lt\cxx-framework\src\traditional\proc\p18f4550.asm
              INTCON2bits   0x000ff1       data     extern D:\3.43\pic18-lt\cxx-framework\src\traditional\proc\p18f4550.asm
                  INTCON3   0x000ff0       data     extern D:\3.43\pic18-lt\cxx-framework\src\traditional\proc\p18f4550.asm
              INTCON3bits   0x000ff0       data     extern D:\3.43\pic18-lt\cxx-framework\src\traditional\proc\p18f4550.asm
               INTCONbits   0x000ff2       data     extern D:\3.43\pic18-lt\cxx-framework\src\traditional\proc\p18f4550.asm
                     IPR1   0x000f9f       data     extern D:\3.43\pic18-lt\cxx-framework\src\traditional\proc\p18f4550.asm
                 IPR1bits   0x000f9f       data     extern D:\3.43\pic18-lt\cxx-framework\src\traditional\proc\p18f4550.asm
                     IPR2   0x000fa2       data     extern D:\3.43\pic18-lt\cxx-framework\src\traditional\proc\p18f4550.asm
                 IPR2bits   0x000fa2       data     extern D:\3.43\pic18-lt\cxx-framework\src\traditional\proc\p18f4550.asm
                     ISIG   0x0001c1       data     extern C:\Users\Alejandro\Documents\Archivos\documentos\IngBim\Tesis\Sistema\glucommeter-embedded\Application\Measurements.c
                 ISIG_E2P   0x0001ee       data     extern C:\Users\Alejandro\Documents\Archivos\documentos\IngBim\Tesis\Sistema\glucommeter-embedded\Drivers\E2PHandler.c
             ISIG_Tx_Addr   0x000092       data     extern C:\Users\Alejandro\Documents\Archivos\documentos\IngBim\Tesis\Sistema\glucommeter-embedded\Drivers\usart.c
                ISIGvalue   0x000101       data     extern C:\Users\Alejandro\Documents\Archivos\documentos\IngBim\Tesis\Sistema\glucommeter-embedded\Application\Measurements.c
         IndexForMeasures   0x0001b5       data     extern C:\Users\Alejandro\Documents\Archivos\documentos\IngBim\Tesis\Sistema\glucommeter-embedded\Application\Measurements.c
                     LATA   0x000f89       data     extern D:\3.43\pic18-lt\cxx-framework\src\traditional\proc\p18f4550.asm
                 LATAbits   0x000f89       data     extern D:\3.43\pic18-lt\cxx-framework\src\traditional\proc\p18f4550.asm
                     LATB   0x000f8a       data     extern D:\3.43\pic18-lt\cxx-framework\src\traditional\proc\p18f4550.asm
                 LATBbits   0x000f8a       data     extern D:\3.43\pic18-lt\cxx-framework\src\traditional\proc\p18f4550.asm
                     LATC   0x000f8b       data     extern D:\3.43\pic18-lt\cxx-framework\src\traditional\proc\p18f4550.asm
                 LATCbits   0x000f8b       data     extern D:\3.43\pic18-lt\cxx-framework\src\traditional\proc\p18f4550.asm
                     LATD   0x000f8c       data     extern D:\3.43\pic18-lt\cxx-framework\src\traditional\proc\p18f4550.asm
                 LATDbits   0x000f8c       data     extern D:\3.43\pic18-lt\cxx-framework\src\traditional\proc\p18f4550.asm
                     LATE   0x000f8d       data     extern D:\3.43\pic18-lt\cxx-framework\src\traditional\proc\p18f4550.asm
                 LATEbits   0x000f8d       data     extern D:\3.43\pic18-lt\cxx-framework\src\traditional\proc\p18f4550.asm
                   LVDCON   0x000fd2       data     extern D:\3.43\pic18-lt\cxx-framework\src\traditional\proc\p18f4550.asm
               LVDCONbits   0x000fd2       data     extern D:\3.43\pic18-lt\cxx-framework\src\traditional\proc\p18f4550.asm
          LastButtonState   0x00009d       data     extern C:\Users\Alejandro\Documents\Archivos\documentos\IngBim\Tesis\Sistema\glucommeter-embedded\Application\Buttons.c
             MeasuresDone   0x0000aa       data     extern C:\Users\Alejandro\Documents\Archivos\documentos\IngBim\Tesis\Sistema\glucommeter-embedded\Drivers\E2PHandler.c
                   OSCCON   0x000fd3       data     extern D:\3.43\pic18-lt\cxx-framework\src\traditional\proc\p18f4550.asm
               OSCCONbits   0x000fd3       data     extern D:\3.43\pic18-lt\cxx-framework\src\traditional\proc\p18f4550.asm
                  OSCTUNE   0x000f9b       data     extern D:\3.43\pic18-lt\cxx-framework\src\traditional\proc\p18f4550.asm
              OSCTUNEbits   0x000f9b       data     extern D:\3.43\pic18-lt\cxx-framework\src\traditional\proc\p18f4550.asm
                       PC   0x000ff9       data     extern D:\3.43\pic18-lt\cxx-framework\src\traditional\proc\p18f4550.asm
                      PCL   0x000ff9       data     extern D:\3.43\pic18-lt\cxx-framework\src\traditional\proc\p18f4550.asm
                   PCLATH   0x000ffa       data     extern D:\3.43\pic18-lt\cxx-framework\src\traditional\proc\p18f4550.asm
                   PCLATU   0x000ffb       data     extern D:\3.43\pic18-lt\cxx-framework\src\traditional\proc\p18f4550.asm
                     PIE1   0x000f9d       data     extern D:\3.43\pic18-lt\cxx-framework\src\traditional\proc\p18f4550.asm
                 PIE1bits   0x000f9d       data     extern D:\3.43\pic18-lt\cxx-framework\src\traditional\proc\p18f4550.asm
                     PIE2   0x000fa0       data     extern D:\3.43\pic18-lt\cxx-framework\src\traditional\proc\p18f4550.asm
                 PIE2bits   0x000fa0       data     extern D:\3.43\pic18-lt\cxx-framework\src\traditional\proc\p18f4550.asm
                     PIR1   0x000f9e       data     extern D:\3.43\pic18-lt\cxx-framework\src\traditional\proc\p18f4550.asm
                 PIR1bits   0x000f9e       data     extern D:\3.43\pic18-lt\cxx-framework\src\traditional\proc\p18f4550.asm
                     PIR2   0x000fa1       data     extern D:\3.43\pic18-lt\cxx-framework\src\traditional\proc\p18f4550.asm
                 PIR2bits   0x000fa1       data     extern D:\3.43\pic18-lt\cxx-framework\src\traditional\proc\p18f4550.asm
                   PLUSW0   0x000feb       data     extern D:\3.43\pic18-lt\cxx-framework\src\traditional\proc\p18f4550.asm
                   PLUSW1   0x000fe3       data     extern D:\3.43\pic18-lt\cxx-framework\src\traditional\proc\p18f4550.asm
                   PLUSW2   0x000fdb       data     extern D:\3.43\pic18-lt\cxx-framework\src\traditional\proc\p18f4550.asm
                    PORTA   0x000f80       data     extern D:\3.43\pic18-lt\cxx-framework\src\traditional\proc\p18f4550.asm
                PORTAbits   0x000f80       data     extern D:\3.43\pic18-lt\cxx-framework\src\traditional\proc\p18f4550.asm
                    PORTB   0x000f81       data     extern D:\3.43\pic18-lt\cxx-framework\src\traditional\proc\p18f4550.asm
                PORTBbits   0x000f81       data     extern D:\3.43\pic18-lt\cxx-framework\src\traditional\proc\p18f4550.asm
                    PORTC   0x000f82       data     extern D:\3.43\pic18-lt\cxx-framework\src\traditional\proc\p18f4550.asm
                PORTCbits   0x000f82       data     extern D:\3.43\pic18-lt\cxx-framework\src\traditional\proc\p18f4550.asm
                    PORTD   0x000f83       data     extern D:\3.43\pic18-lt\cxx-framework\src\traditional\proc\p18f4550.asm
                PORTDbits   0x000f83       data     extern D:\3.43\pic18-lt\cxx-framework\src\traditional\proc\p18f4550.asm
                    PORTE   0x000f84       data     extern D:\3.43\pic18-lt\cxx-framework\src\traditional\proc\p18f4550.asm
                PORTEbits   0x000f84       data     extern D:\3.43\pic18-lt\cxx-framework\src\traditional\proc\p18f4550.asm
                 POSTDEC0   0x000fed       data     extern D:\3.43\pic18-lt\cxx-framework\src\traditional\proc\p18f4550.asm
                 POSTDEC1   0x000fe5       data     extern D:\3.43\pic18-lt\cxx-framework\src\traditional\proc\p18f4550.asm
                 POSTDEC2   0x000fdd       data     extern D:\3.43\pic18-lt\cxx-framework\src\traditional\proc\p18f4550.asm
                 POSTINC0   0x000fee       data     extern D:\3.43\pic18-lt\cxx-framework\src\traditional\proc\p18f4550.asm
                 POSTINC1   0x000fe6       data     extern D:\3.43\pic18-lt\cxx-framework\src\traditional\proc\p18f4550.asm
                 POSTINC2   0x000fde       data     extern D:\3.43\pic18-lt\cxx-framework\src\traditional\proc\p18f4550.asm
                      PR2   0x000fcb       data     extern D:\3.43\pic18-lt\cxx-framework\src\traditional\proc\p18f4550.asm
                  PREINC0   0x000fec       data     extern D:\3.43\pic18-lt\cxx-framework\src\traditional\proc\p18f4550.asm
                  PREINC1   0x000fe4       data     extern D:\3.43\pic18-lt\cxx-framework\src\traditional\proc\p18f4550.asm
                  PREINC2   0x000fdc       data     extern D:\3.43\pic18-lt\cxx-framework\src\traditional\proc\p18f4550.asm
                     PROD   0x000ff3       data     extern D:\3.43\pic18-lt\cxx-framework\src\traditional\proc\p18f4550.asm
                    PRODH   0x000ff4       data     extern D:\3.43\pic18-lt\cxx-framework\src\traditional\proc\p18f4550.asm
                    PRODL   0x000ff3       data     extern D:\3.43\pic18-lt\cxx-framework\src\traditional\proc\p18f4550.asm
                  PolISIG   0x0001b6       data     extern C:\Users\Alejandro\Documents\Archivos\documentos\IngBim\Tesis\Sistema\glucommeter-embedded\Application\Measurements.c
                     RCON   0x000fd0       data     extern D:\3.43\pic18-lt\cxx-framework\src\traditional\proc\p18f4550.asm
                 RCONbits   0x000fd0       data     extern D:\3.43\pic18-lt\cxx-framework\src\traditional\proc\p18f4550.asm
                    RCREG   0x000fae       data     extern D:\3.43\pic18-lt\cxx-framework\src\traditional\proc\p18f4550.asm
                    RCSTA   0x000fab       data     extern D:\3.43\pic18-lt\cxx-framework\src\traditional\proc\p18f4550.asm
                RCSTAbits   0x000fab       data     extern D:\3.43\pic18-lt\cxx-framework\src\traditional\proc\p18f4550.asm
                      REF   0x0001bd       data     extern C:\Users\Alejandro\Documents\Archivos\documentos\IngBim\Tesis\Sistema\glucommeter-embedded\Application\Measurements.c
                 REFvalue   0x00011f       data     extern C:\Users\Alejandro\Documents\Archivos\documentos\IngBim\Tesis\Sistema\glucommeter-embedded\Application\Measurements.c
                RequestTx   0x0001fc       data     extern C:\Users\Alejandro\Documents\Archivos\documentos\IngBim\Tesis\Sistema\glucommeter-embedded\Drivers\usart.c
                     SIGN   0x00001e       data     extern D:\3.43\pic18-lt\cxx-framework\src\traditional\math\cmath18.asm
                    SPBRG   0x000faf       data     extern D:\3.43\pic18-lt\cxx-framework\src\traditional\proc\p18f4550.asm
                   SPBRGH   0x000fb0       data     extern D:\3.43\pic18-lt\cxx-framework\src\traditional\proc\p18f4550.asm
                   SPPCFG   0x000f63       data     extern D:\3.43\pic18-lt\cxx-framework\src\traditional\proc\p18f4550.asm
               SPPCFGbits   0x000f63       data     extern D:\3.43\pic18-lt\cxx-framework\src\traditional\proc\p18f4550.asm
                   SPPCON   0x000f65       data     extern D:\3.43\pic18-lt\cxx-framework\src\traditional\proc\p18f4550.asm
               SPPCONbits   0x000f65       data     extern D:\3.43\pic18-lt\cxx-framework\src\traditional\proc\p18f4550.asm
                  SPPDATA   0x000f62       data     extern D:\3.43\pic18-lt\cxx-framework\src\traditional\proc\p18f4550.asm
                   SPPEPS   0x000f64       data     extern D:\3.43\pic18-lt\cxx-framework\src\traditional\proc\p18f4550.asm
               SPPEPSbits   0x000f64       data     extern D:\3.43\pic18-lt\cxx-framework\src\traditional\proc\p18f4550.asm
                   SSPADD   0x000fc8       data     extern D:\3.43\pic18-lt\cxx-framework\src\traditional\proc\p18f4550.asm
                   SSPBUF   0x000fc9       data     extern D:\3.43\pic18-lt\cxx-framework\src\traditional\proc\p18f4550.asm
                  SSPCON1   0x000fc6       data     extern D:\3.43\pic18-lt\cxx-framework\src\traditional\proc\p18f4550.asm
              SSPCON1bits   0x000fc6       data     extern D:\3.43\pic18-lt\cxx-framework\src\traditional\proc\p18f4550.asm
                  SSPCON2   0x000fc5       data     extern D:\3.43\pic18-lt\cxx-framework\src\traditional\proc\p18f4550.asm
              SSPCON2bits   0x000fc5       data     extern D:\3.43\pic18-lt\cxx-framework\src\traditional\proc\p18f4550.asm
                  SSPSTAT   0x000fc7       data     extern D:\3.43\pic18-lt\cxx-framework\src\traditional\proc\p18f4550.asm
              SSPSTATbits   0x000fc7       data     extern D:\3.43\pic18-lt\cxx-framework\src\traditional\proc\p18f4550.asm
                   STATUS   0x000fd8       data     extern D:\3.43\pic18-lt\cxx-framework\src\traditional\proc\p18f4550.asm
               STATUSbits   0x000fd8       data     extern D:\3.43\pic18-lt\cxx-framework\src\traditional\proc\p18f4550.asm
                   STKPTR   0x000ffc       data     extern D:\3.43\pic18-lt\cxx-framework\src\traditional\proc\p18f4550.asm
               STKPTRbits   0x000ffc       data     extern D:\3.43\pic18-lt\cxx-framework\src\traditional\proc\p18f4550.asm
            SignalMeasure   0x000100       data     extern C:\Users\Alejandro\Documents\Archivos\documentos\IngBim\Tesis\Sistema\glucommeter-embedded\Application\Measurements.c
                    T0CON   0x000fd5       data     extern D:\3.43\pic18-lt\cxx-framework\src\traditional\proc\p18f4550.asm
                T0CONbits   0x000fd5       data     extern D:\3.43\pic18-lt\cxx-framework\src\traditional\proc\p18f4550.asm
                    T1CON   0x000fcd       data     extern D:\3.43\pic18-lt\cxx-framework\src\traditional\proc\p18f4550.asm
                T1CONbits   0x000fcd       data     extern D:\3.43\pic18-lt\cxx-framework\src\traditional\proc\p18f4550.asm
                    T2CON   0x000fca       data     extern D:\3.43\pic18-lt\cxx-framework\src\traditional\proc\p18f4550.asm
                T2CONbits   0x000fca       data     extern D:\3.43\pic18-lt\cxx-framework\src\traditional\proc\p18f4550.asm
                    T3CON   0x000fb1       data     extern D:\3.43\pic18-lt\cxx-framework\src\traditional\proc\p18f4550.asm
                T3CONbits   0x000fb1       data     extern D:\3.43\pic18-lt\cxx-framework\src\traditional\proc\p18f4550.asm
                   TABLAT   0x000ff5       data     extern D:\3.43\pic18-lt\cxx-framework\src\traditional\proc\p18f4550.asm
                   TBLPTR   0x000ff6       data     extern D:\3.43\pic18-lt\cxx-framework\src\traditional\proc\p18f4550.asm
                  TBLPTRH   0x000ff7       data     extern D:\3.43\pic18-lt\cxx-framework\src\traditional\proc\p18f4550.asm
                  TBLPTRL   0x000ff6       data     extern D:\3.43\pic18-lt\cxx-framework\src\traditional\proc\p18f4550.asm
                  TBLPTRU   0x000ff8       data     extern D:\3.43\pic18-lt\cxx-framework\src\traditional\proc\p18f4550.asm
             TIME_Tx_Addr   0x00009a       data     extern C:\Users\Alejandro\Documents\Archivos\documentos\IngBim\Tesis\Sistema\glucommeter-embedded\Drivers\usart.c
                TIME_date   0x0001cb       data     extern C:\Users\Alejandro\Documents\Archivos\documentos\IngBim\Tesis\Sistema\glucommeter-embedded\Application\Measurements.c
                  TIME_hr   0x0001ca       data     extern C:\Users\Alejandro\Documents\Archivos\documentos\IngBim\Tesis\Sistema\glucommeter-embedded\Application\Measurements.c
                 TIME_min   0x0001c9       data     extern C:\Users\Alejandro\Documents\Archivos\documentos\IngBim\Tesis\Sistema\glucommeter-embedded\Application\Measurements.c
               TIME_month   0x0001cc       data     extern C:\Users\Alejandro\Documents\Archivos\documentos\IngBim\Tesis\Sistema\glucommeter-embedded\Application\Measurements.c
                TIME_year   0x0001cd       data     extern C:\Users\Alejandro\Documents\Archivos\documentos\IngBim\Tesis\Sistema\glucommeter-embedded\Application\Measurements.c
                    TMR0H   0x000fd7       data     extern D:\3.43\pic18-lt\cxx-framework\src\traditional\proc\p18f4550.asm
                    TMR0L   0x000fd6       data     extern D:\3.43\pic18-lt\cxx-framework\src\traditional\proc\p18f4550.asm
                    TMR1H   0x000fcf       data     extern D:\3.43\pic18-lt\cxx-framework\src\traditional\proc\p18f4550.asm
                    TMR1L   0x000fce       data     extern D:\3.43\pic18-lt\cxx-framework\src\traditional\proc\p18f4550.asm
                     TMR2   0x000fcc       data     extern D:\3.43\pic18-lt\cxx-framework\src\traditional\proc\p18f4550.asm
                    TMR3H   0x000fb3       data     extern D:\3.43\pic18-lt\cxx-framework\src\traditional\proc\p18f4550.asm
                    TMR3L   0x000fb2       data     extern D:\3.43\pic18-lt\cxx-framework\src\traditional\proc\p18f4550.asm
                      TOS   0x000ffd       data     extern D:\3.43\pic18-lt\cxx-framework\src\traditional\proc\p18f4550.asm
                     TOSH   0x000ffe       data     extern D:\3.43\pic18-lt\cxx-framework\src\traditional\proc\p18f4550.asm
                     TOSL   0x000ffd       data     extern D:\3.43\pic18-lt\cxx-framework\src\traditional\proc\p18f4550.asm
                     TOSU   0x000fff       data     extern D:\3.43\pic18-lt\cxx-framework\src\traditional\proc\p18f4550.asm
                    TRISA   0x000f92       data     extern D:\3.43\pic18-lt\cxx-framework\src\traditional\proc\p18f4550.asm
                TRISAbits   0x000f92       data     extern D:\3.43\pic18-lt\cxx-framework\src\traditional\proc\p18f4550.asm
                    TRISB   0x000f93       data     extern D:\3.43\pic18-lt\cxx-framework\src\traditional\proc\p18f4550.asm
                TRISBbits   0x000f93       data     extern D:\3.43\pic18-lt\cxx-framework\src\traditional\proc\p18f4550.asm
                    TRISC   0x000f94       data     extern D:\3.43\pic18-lt\cxx-framework\src\traditional\proc\p18f4550.asm
                TRISCbits   0x000f94       data     extern D:\3.43\pic18-lt\cxx-framework\src\traditional\proc\p18f4550.asm
                    TRISD   0x000f95       data     extern D:\3.43\pic18-lt\cxx-framework\src\traditional\proc\p18f4550.asm
                TRISDbits   0x000f95       data     extern D:\3.43\pic18-lt\cxx-framework\src\traditional\proc\p18f4550.asm
                    TRISE   0x000f96       data     extern D:\3.43\pic18-lt\cxx-framework\src\traditional\proc\p18f4550.asm
                TRISEbits   0x000f96       data     extern D:\3.43\pic18-lt\cxx-framework\src\traditional\proc\p18f4550.asm
[...]
                    TRISC   0x000f94       data     extern D:\3.43\pic18-lt\cxx-framework\src\traditional\proc\p18f4550.asm
                     DDRD   0x000f95       data     extern D:\3.43\pic18-lt\cxx-framework\src\traditional\proc\p18f4550.asm
                 DDRDbits   0x000f95       data     extern D:\3.43\pic18-lt\cxx-framework\src\traditional\proc\p18f4550.asm
                TRISDbits   0x000f95       data     extern D:\3.43\pic18-lt\cxx-framework\src\traditional\proc\p18f4550.asm
                    TRISD   0x000f95       data     extern D:\3.43\pic18-lt\cxx-framework\src\traditional\proc\p18f4550.asm
                TRISEbits   0x000f96       data     extern D:\3.43\pic18-lt\cxx-framework\src\traditional\proc\p18f4550.asm
                    TRISE   0x000f96       data     extern D:\3.43\pic18-lt\cxx-framework\src\traditional\proc\p18f4550.asm
                     DDRE   0x000f96       data     extern D:\3.43\pic18-lt\cxx-framework\src\traditional\proc\p18f4550.asm
                 DDREbits   0x000f96       data     extern D:\3.43\pic18-lt\cxx-framework\src\traditional\proc\p18f4550.asm
                  OSCTUNE   0x000f9b       data     extern D:\3.43\pic18-lt\cxx-framework\src\traditional\proc\p18f4550.asm
              OSCTUNEbits   0x000f9b       data     extern D:\3.43\pic18-lt\cxx-framework\src\traditional\proc\p18f4550.asm
                     PIE1   0x000f9d       data     extern D:\3.43\pic18-lt\cxx-framework\src\traditional\proc\p18f4550.asm
                 PIE1bits   0x000f9d       data     extern D:\3.43\pic18-lt\cxx-framework\src\traditional\proc\p18f4550.asm
                     PIR1   0x000f9e       data     extern D:\3.43\pic18-lt\cxx-framework\src\traditional\proc\p18f4550.asm
                 PIR1bits   0x000f9e       data     extern D:\3.43\pic18-lt\cxx-framework\src\traditional\proc\p18f4550.asm
                     IPR1   0x000f9f       data     extern D:\3.43\pic18-lt\cxx-framework\src\traditional\proc\p18f4550.asm
                 IPR1bits   0x000f9f       data     extern D:\3.43\pic18-lt\cxx-framework\src\traditional\proc\p18f4550.asm
                 PIE2bits   0x000fa0       data     extern D:\3.43\pic18-lt\cxx-framework\src\traditional\proc\p18f4550.asm
                     PIE2   0x000fa0       data     extern D:\3.43\pic18-lt\cxx-framework\src\traditional\proc\p18f4550.asm
                 PIR2bits   0x000fa1       data     extern D:\3.43\pic18-lt\cxx-framework\src\traditional\proc\p18f4550.asm
                     PIR2   0x000fa1       data     extern D:\3.43\pic18-lt\cxx-framework\src\traditional\proc\p18f4550.asm
                     IPR2   0x000fa2       data     extern D:\3.43\pic18-lt\cxx-framework\src\traditional\proc\p18f4550.asm
                 IPR2bits   0x000fa2       data     extern D:\3.43\pic18-lt\cxx-framework\src\traditional\proc\p18f4550.asm
                   EECON1   0x000fa6       data     extern D:\3.43\pic18-lt\cxx-framework\src\traditional\proc\p18f4550.asm
               EECON1bits   0x000fa6       data     extern D:\3.43\pic18-lt\cxx-framework\src\traditional\proc\p18f4550.asm
                   EECON2   0x000fa7       data     extern D:\3.43\pic18-lt\cxx-framework\src\traditional\proc\p18f4550.asm
                   EEDATA   0x000fa8       data     extern D:\3.43\pic18-lt\cxx-framework\src\traditional\proc\p18f4550.asm
                    EEADR   0x000fa9       data     extern D:\3.43\pic18-lt\cxx-framework\src\traditional\proc\p18f4550.asm
                    RCSTA   0x000fab       data     extern D:\3.43\pic18-lt\cxx-framework\src\traditional\proc\p18f4550.asm
                RCSTAbits   0x000fab       data     extern D:\3.43\pic18-lt\cxx-framework\src\traditional\proc\p18f4550.asm
                TXSTAbits   0x000fac       data     extern D:\3.43\pic18-lt\cxx-framework\src\traditional\proc\p18f4550.asm
                    TXSTA   0x000fac       data     extern D:\3.43\pic18-lt\cxx-framework\src\traditional\proc\p18f4550.asm
                    TXREG   0x000fad       data     extern D:\3.43\pic18-lt\cxx-framework\src\traditional\proc\p18f4550.asm
                    RCREG   0x000fae       data     extern D:\3.43\pic18-lt\cxx-framework\src\traditional\proc\p18f4550.asm
                    SPBRG   0x000faf       data     extern D:\3.43\pic18-lt\cxx-framework\src\traditional\proc\p18f4550.asm
                   SPBRGH   0x000fb0       data     extern D:\3.43\pic18-lt\cxx-framework\src\traditional\proc\p18f4550.asm
                    T3CON   0x000fb1       data     extern D:\3.43\pic18-lt\cxx-framework\src\traditional\proc\p18f4550.asm
                T3CONbits   0x000fb1       data     extern D:\3.43\pic18-lt\cxx-framework\src\traditional\proc\p18f4550.asm
                    TMR3L   0x000fb2       data     extern D:\3.43\pic18-lt\cxx-framework\src\traditional\proc\p18f4550.asm
                    TMR3H   0x000fb3       data     extern D:\3.43\pic18-lt\cxx-framework\src\traditional\proc\p18f4550.asm
                CMCONbits   0x000fb4       data     extern D:\3.43\pic18-lt\cxx-framework\src\traditional\proc\p18f4550.asm
                    CMCON   0x000fb4       data     extern D:\3.43\pic18-lt\cxx-framework\src\traditional\proc\p18f4550.asm
               CVRCONbits   0x000fb5       data     extern D:\3.43\pic18-lt\cxx-framework\src\traditional\proc\p18f4550.asm
                   CVRCON   0x000fb5       data     extern D:\3.43\pic18-lt\cxx-framework\src\traditional\proc\p18f4550.asm
               CCP1ASbits   0x000fb6       data     extern D:\3.43\pic18-lt\cxx-framework\src\traditional\proc\p18f4550.asm
                  ECCP1AS   0x000fb6       data     extern D:\3.43\pic18-lt\cxx-framework\src\traditional\proc\p18f4550.asm
              ECCP1ASbits   0x000fb6       data     extern D:\3.43\pic18-lt\cxx-framework\src\traditional\proc\p18f4550.asm
                   CCP1AS   0x000fb6       data     extern D:\3.43\pic18-lt\cxx-framework\src\traditional\proc\p18f4550.asm
                  CCP1DEL   0x000fb7       data     extern D:\3.43\pic18-lt\cxx-framework\src\traditional\proc\p18f4550.asm
              CCP1DELbits   0x000fb7       data     extern D:\3.43\pic18-lt\cxx-framework\src\traditional\proc\p18f4550.asm
                 ECCP1DEL   0x000fb7       data     extern D:\3.43\pic18-lt\cxx-framework\src\traditional\proc\p18f4550.asm
             ECCP1DELbits   0x000fb7       data     extern D:\3.43\pic18-lt\cxx-framework\src\traditional\proc\p18f4550.asm
              BAUDCTLbits   0x000fb8       data     extern D:\3.43\pic18-lt\cxx-framework\src\traditional\proc\p18f4550.asm
                  BAUDCON   0x000fb8       data     extern D:\3.43\pic18-lt\cxx-framework\src\traditional\proc\p18f4550.asm
              BAUDCONbits   0x000fb8       data     extern D:\3.43\pic18-lt\cxx-framework\src\traditional\proc\p18f4550.asm
                  BAUDCTL   0x000fb8       data     extern D:\3.43\pic18-lt\cxx-framework\src\traditional\proc\p18f4550.asm
              CCP2CONbits   0x000fba       data     extern D:\3.43\pic18-lt\cxx-framework\src\traditional\proc\p18f4550.asm
                  CCP2CON   0x000fba       data     extern D:\3.43\pic18-lt\cxx-framework\src\traditional\proc\p18f4550.asm
                    CCPR2   0x000fbb       data     extern D:\3.43\pic18-lt\cxx-framework\src\traditional\proc\p18f4550.asm
                   CCPR2L   0x000fbb       data     extern D:\3.43\pic18-lt\cxx-framework\src\traditional\proc\p18f4550.asm
                   CCPR2H   0x000fbc       data     extern D:\3.43\pic18-lt\cxx-framework\src\traditional\proc\p18f4550.asm
                  CCP1CON   0x000fbd       data     extern D:\3.43\pic18-lt\cxx-framework\src\traditional\proc\p18f4550.asm
              CCP1CONbits   0x000fbd       data     extern D:\3.43\pic18-lt\cxx-framework\src\traditional\proc\p18f4550.asm
                 ECCP1CON   0x000fbd       data     extern D:\3.43\pic18-lt\cxx-framework\src\traditional\proc\p18f4550.asm
             ECCP1CONbits   0x000fbd       data     extern D:\3.43\pic18-lt\cxx-framework\src\traditional\proc\p18f4550.asm
                    CCPR1   0x000fbe       data     extern D:\3.43\pic18-lt\cxx-framework\src\traditional\proc\p18f4550.asm
                   CCPR1L   0x000fbe       data     extern D:\3.43\pic18-lt\cxx-framework\src\traditional\proc\p18f4550.asm
                   CCPR1H   0x000fbf       data     extern D:\3.43\pic18-lt\cxx-framework\src\traditional\proc\p18f4550.asm
                   ADCON2   0x000fc0       data     extern D:\3.43\pic18-lt\cxx-framework\src\traditional\proc\p18f4550.asm
               ADCON2bits   0x000fc0       data     extern D:\3.43\pic18-lt\cxx-framework\src\traditional\proc\p18f4550.asm
               ADCON1bits   0x000fc1       data     extern D:\3.43\pic18-lt\cxx-framework\src\traditional\proc\p18f4550.asm
                   ADCON1   0x000fc1       data     extern D:\3.43\pic18-lt\cxx-framework\src\traditional\proc\p18f4550.asm
                   ADCON0   0x000fc2       data     extern D:\3.43\pic18-lt\cxx-framework\src\traditional\proc\p18f4550.asm
               ADCON0bits   0x000fc2       data     extern D:\3.43\pic18-lt\cxx-framework\src\traditional\proc\p18f4550.asm
                    ADRES   0x000fc3       data     extern D:\3.43\pic18-lt\cxx-framework\src\traditional\proc\p18f4550.asm
                   ADRESL   0x000fc3       data     extern D:\3.43\pic18-lt\cxx-framework\src\traditional\proc\p18f4550.asm
                   ADRESH   0x000fc4       data     extern D:\3.43\pic18-lt\cxx-framework\src\traditional\proc\p18f4550.asm
                  SSPCON2   0x000fc5       data     extern D:\3.43\pic18-lt\cxx-framework\src\traditional\proc\p18f4550.asm
              SSPCON2bits   0x000fc5       data     extern D:\3.43\pic18-lt\cxx-framework\src\traditional\proc\p18f4550.asm
                  SSPCON1   0x000fc6       data     extern D:\3.43\pic18-lt\cxx-framework\src\traditional\proc\p18f4550.asm
              SSPCON1bits   0x000fc6       data     extern D:\3.43\pic18-lt\cxx-framework\src\traditional\proc\p18f4550.asm
              SSPSTATbits   0x000fc7       data     extern D:\3.43\pic18-lt\cxx-framework\src\traditional\proc\p18f4550.asm
                  SSPSTAT   0x000fc7       data     extern D:\3.43\pic18-lt\cxx-framework\src\traditional\proc\p18f4550.asm
                   SSPADD   0x000fc8       data     extern D:\3.43\pic18-lt\cxx-framework\src\traditional\proc\p18f4550.asm
                   SSPBUF   0x000fc9       data     extern D:\3.43\pic18-lt\cxx-framework\src\traditional\proc\p18f4550.asm
                    T2CON   0x000fca       data     extern D:\3.43\pic18-lt\cxx-framework\src\traditional\proc\p18f4550.asm
                T2CONbits   0x000fca       data     extern D:\3.43\pic18-lt\cxx-framework\src\traditional\proc\p18f4550.asm
                      PR2   0x000fcb       data     extern D:\3.43\pic18-lt\cxx-framework\src\traditional\proc\p18f4550.asm
                     TMR2   0x000fcc       data     extern D:\3.43\pic18-lt\cxx-framework\src\traditional\proc\p18f4550.asm
                    T1CON   0x000fcd       data     extern D:\3.43\pic18-lt\cxx-framework\src\traditional\proc\p18f4550.asm
                T1CONbits   0x000fcd       data     extern D:\3.43\pic18-lt\cxx-framework\src\traditional\proc\p18f4550.asm
                    TMR1L   0x000fce       data     extern D:\3.43\pic18-lt\cxx-framework\src\traditional\proc\p18f4550.asm
                    TMR1H   0x000fcf       data     extern D:\3.43\pic18-lt\cxx-framework\src\traditional\proc\p18f4550.asm
                     RCON   0x000fd0       data     extern D:\3.43\pic18-lt\cxx-framework\src\traditional\proc\p18f4550.asm
                 RCONbits   0x000fd0       data     extern D:\3.43\pic18-lt\cxx-framework\src\traditional\proc\p18f4550.asm
               WDTCONbits   0x000fd1       data     extern D:\3.43\pic18-lt\cxx-framework\src\traditional\proc\p18f4550.asm
                   WDTCON   0x000fd1       data     extern D:\3.43\pic18-lt\cxx-framework\src\traditional\proc\p18f4550.asm
                  HLVDCON   0x000fd2       data     extern D:\3.43\pic18-lt\cxx-framework\src\traditional\proc\p18f4550.asm
              HLVDCONbits   0x000fd2       data     extern D:\3.43\pic18-lt\cxx-framework\src\traditional\proc\p18f4550.asm
                   LVDCON   0x000fd2       data     extern D:\3.43\pic18-lt\cxx-framework\src\traditional\proc\p18f4550.asm
               LVDCONbits   0x000fd2       data     extern D:\3.43\pic18-lt\cxx-framework\src\traditional\proc\p18f4550.asm
                   OSCCON   0x000fd3       data     extern D:\3.43\pic18-lt\cxx-framework\src\traditional\proc\p18f4550.asm
               OSCCONbits   0x000fd3       data     extern D:\3.43\pic18-lt\cxx-framework\src\traditional\proc\p18f4550.asm
                T0CONbits   0x000fd5       data     extern D:\3.43\pic18-lt\cxx-framework\src\traditional\proc\p18f4550.asm
                    T0CON   0x000fd5       data     extern D:\3.43\pic18-lt\cxx-framework\src\traditional\proc\p18f4550.asm
                    TMR0L   0x000fd6       data     extern D:\3.43\pic18-lt\cxx-framework\src\traditional\proc\p18f4550.asm
                    TMR0H   0x000fd7       data     extern D:\3.43\pic18-lt\cxx-framework\src\traditional\proc\p18f4550.asm
                   STATUS   0x000fd8       data     extern D:\3.43\pic18-lt\cxx-framework\src\traditional\proc\p18f4550.asm
               STATUSbits   0x000fd8       data     extern D:\3.43\pic18-lt\cxx-framework\src\traditional\proc\p18f4550.asm
                     FSR2   0x000fd9       data     extern D:\3.43\pic18-lt\cxx-framework\src\traditional\proc\p18f4550.asm
                    FSR2L   0x000fd9       data     extern D:\3.43\pic18-lt\cxx-framework\src\traditional\proc\p18f4550.asm
                    FSR2H   0x000fda       data     extern D:\3.43\pic18-lt\cxx-framework\src\traditional\proc\p18f4550.asm
                   PLUSW2   0x000fdb       data     extern D:\3.43\pic18-lt\cxx-framework\src\traditional\proc\p18f4550.asm
                  PREINC2   0x000fdc       data     extern D:\3.43\pic18-lt\cxx-framework\src\traditional\proc\p18f4550.asm
                 POSTDEC2   0x000fdd       data     extern D:\3.43\pic18-lt\cxx-framework\src\traditional\proc\p18f4550.asm
                 POSTINC2   0x000fde       data     extern D:\3.43\pic18-lt\cxx-framework\src\traditional\proc\p18f4550.asm
                    INDF2   0x000fdf       data     extern D:\3.43\pic18-lt\cxx-framework\src\traditional\proc\p18f4550.asm
                      BSR   0x000fe0       data     extern D:\3.43\pic18-lt\cxx-framework\src\traditional\proc\p18f4550.asm
                     FSR1   0x000fe1       data     extern D:\3.43\pic18-lt\cxx-framework\src\traditional\proc\p18f4550.asm
                    FSR1L   0x000fe1       data     extern D:\3.43\pic18-lt\cxx-framework\src\traditional\proc\p18f4550.asm
                    FSR1H   0x000fe2       data     extern D:\3.43\pic18-lt\cxx-framework\src\traditional\proc\p18f4550.asm
                   PLUSW1   0x000fe3       data     extern D:\3.43\pic18-lt\cxx-framework\src\traditional\proc\p18f4550.asm
                  PREINC1   0x000fe4       data     extern D:\3.43\pic18-lt\cxx-framework\src\traditional\proc\p18f4550.asm
                 POSTDEC1   0x000fe5       data     extern D:\3.43\pic18-lt\cxx-framework\src\traditional\proc\p18f4550.asm
                 POSTINC1   0x000fe6       data     extern D:\3.43\pic18-lt\cxx-framework\src\traditional\proc\p18f4550.asm
                    INDF1   0x000fe7       data     extern D:\3.43\pic18-lt\cxx-framework\src\traditional\proc\p18f4550.asm
                     WREG   0x000fe8       data     extern D:\3.43\pic18-lt\cxx-framework\src\traditional\proc\p18f4550.asm
                     FSR0   0x000fe9       data     extern D:\3.43\pic18-lt\cxx-framework\src\traditional\proc\p18f4550.asm
                    FSR0L   0x000fe9       data     extern D:\3.43\pic18-lt\cxx-framework\src\traditional\proc\p18f4550.asm
                    FSR0H   0x000fea       data     extern D:\3.43\pic18-lt\cxx-framework\src\traditional\proc\p18f4550.asm
                   PLUSW0   0x000feb       data     extern D:\3.43\pic18-lt\cxx-framework\src\traditional\proc\p18f4550.asm
                  PREINC0   0x000fec       data     extern D:\3.43\pic18-lt\cxx-framework\src\traditional\proc\p18f4550.asm
                 POSTDEC0   0x000fed       data     extern D:\3.43\pic18-lt\cxx-framework\src\traditional\proc\p18f4550.asm
                 POSTINC0   0x000fee       data     extern D:\3.43\pic18-lt\cxx-framework\src\traditional\proc\p18f4550.asm
                    INDF0   0x000fef       data     extern D:\3.43\pic18-lt\cxx-framework\src\traditional\proc\p18f4550.asm
                  INTCON3   0x000ff0       data     extern D:\3.43\pic18-lt\cxx-framework\src\traditional\proc\p18f4550.asm
              INTCON3bits   0x000ff0       data     extern D:\3.43\pic18-lt\cxx-framework\src\traditional\proc\p18f4550.asm
                  INTCON2   0x000ff1       data     extern D:\3.43\pic18-lt\cxx-framework\src\traditional\proc\p18f4550.asm
              INTCON2bits   0x000ff1       data     extern D:\3.43\pic18-lt\cxx-framework\src\traditional\proc\p18f4550.asm
               INTCONbits   0x000ff2       data     extern D:\3.43\pic18-lt\cxx-framework\src\traditional\proc\p18f4550.asm
                   INTCON   0x000ff2       data     extern D:\3.43\pic18-lt\cxx-framework\src\traditional\proc\p18f4550.asm
                    PRODL   0x000ff3       data     extern D:\3.43\pic18-lt\cxx-framework\src\traditional\proc\p18f4550.asm
                     PROD   0x000ff3       data     extern D:\3.43\pic18-lt\cxx-framework\src\traditional\proc\p18f4550.asm
                    PRODH   0x000ff4       data     extern D:\3.43\pic18-lt\cxx-framework\src\traditional\proc\p18f4550.asm
                   TABLAT   0x000ff5       data     extern D:\3.43\pic18-lt\cxx-framework\src\traditional\proc\p18f4550.asm
                   TBLPTR   0x000ff6       data     extern D:\3.43\pic18-lt\cxx-framework\src\traditional\proc\p18f4550.asm
                  TBLPTRL   0x000ff6       data     extern D:\3.43\pic18-lt\cxx-framework\src\traditional\proc\p18f4550.asm
                  TBLPTRH   0x000ff7       data     extern D:\3.43\pic18-lt\cxx-framework\src\traditional\proc\p18f4550.asm
                  TBLPTRU   0x000ff8       data     extern D:\3.43\pic18-lt\cxx-framework\src\traditional\proc\p18f4550.asm
                      PCL   0x000ff9       data     extern D:\3.43\pic18-lt\cxx-framework\src\traditional\proc\p18f4550.asm
                       PC   0x000ff9       data     extern D:\3.43\pic18-lt\cxx-framework\src\traditional\proc\p18f4550.asm
                   PCLATH   0x000ffa       data     extern D:\3.43\pic18-lt\cxx-framework\src\traditional\proc\p18f4550.asm
                   PCLATU   0x000ffb       data     extern D:\3.43\pic18-lt\cxx-framework\src\traditional\proc\p18f4550.asm
               STKPTRbits   0x000ffc       data     extern D:\3.43\pic18-lt\cxx-framework\src\traditional\proc\p18f4550.asm
                   STKPTR   0x000ffc       data     extern D:\3.43\pic18-lt\cxx-framework\src\traditional\proc\p18f4550.asm
                     TOSL   0x000ffd       data     extern D:\3.43\pic18-lt\cxx-framework\src\traditional\proc\p18f4550.asm
                      TOS   0x000ffd       data     extern D:\3.43\pic18-lt\cxx-framework\src\traditional\proc\p18f4550.asm
                     TOSH   0x000ffe       data     extern D:\3.43\pic18-lt\cxx-framework\src\traditional\proc\p18f4550.asm
                     TOSU   0x000fff       data     extern D:\3.43\pic18-lt\cxx-framework\src\traditional\proc\p18f4550.asm


